../Core/Src/main.c:121:5:main	16	static
../Core/Src/main.c:218:6:SystemClock_Config	88	static
../Core/Src/main.c:262:13:MX_CAN1_Init	8	static
../Core/Src/main.c:297:13:MX_CAN2_Init	8	static
../Core/Src/main.c:332:13:MX_TIM3_Init	32	static
../Core/Src/main.c:374:13:MX_USART3_UART_Init	8	static
../Core/Src/main.c:405:13:MX_GPIO_Init	48	static
../Core/Src/main.c:455:6:read_from_buffer	32	static
../Core/Src/main.c:467:6:MX_CAN1_Setup	8	static
../Core/Src/main.c:472:6:MX_CAN2_Setup	8	static
../Core/Src/main.c:478:6:USART3_SendString	24	static
../Core/Src/main.c:489:6:PrintCANLog	72	static
../Core/Src/main.c:501:6:HAL_UART_RxCpltCallback	16	static
../Core/Src/main.c:506:6:delay	16	static
../Core/Src/main.c:509:6:calculate_key	16	static
../Core/Src/main.c:517:9:compare_key	32	static
../Core/Src/main.c:526:6:HAL_CAN_RxFifo0MsgPendingCallback	24	static
../Core/Src/main.c:548:6:CAN1_Send	8	static
../Core/Src/main.c:556:6:CAN1CommSetup	8	static
../Core/Src/main.c:574:6:CAN2_Send	8	static
../Core/Src/main.c:582:6:CAN2CommSetup	8	static
../Core/Src/main.c:599:6:HAL_TIM_PeriodElapsedCallback	16	static
../Core/Src/main.c:617:6:Error_Handler	4	static,ignoring_inline_asm
