Archive member included to satisfy reference by file (symbol)

/opt/st/stm32cubeide_1.19.0/plugins/com.st.stm32cube.ide.mcu.externaltools.gnu-tools-for-stm32.13.3.rel1.linux64_1.0.0.202410170706/tools/bin/../lib/gcc/arm-none-eabi/13.3.1/../../../../arm-none-eabi/lib/thumb/v7e-m+fp/hard/libc_nano.a(libc_a-exit.o)
                              /opt/st/stm32cubeide_1.19.0/plugins/com.st.stm32cube.ide.mcu.externaltools.gnu-tools-for-stm32.13.3.rel1.linux64_1.0.0.202410170706/tools/bin/../lib/gcc/arm-none-eabi/13.3.1/../../../../arm-none-eabi/lib/thumb/v7e-m+fp/hard/crt0.o (exit)
/opt/st/stm32cubeide_1.19.0/plugins/com.st.stm32cube.ide.mcu.externaltools.gnu-tools-for-stm32.13.3.rel1.linux64_1.0.0.202410170706/tools/bin/../lib/gcc/arm-none-eabi/13.3.1/../../../../arm-none-eabi/lib/thumb/v7e-m+fp/hard/libc_nano.a(libc_a-findfp.o)
                              /opt/st/stm32cubeide_1.19.0/plugins/com.st.stm32cube.ide.mcu.externaltools.gnu-tools-for-stm32.13.3.rel1.linux64_1.0.0.202410170706/tools/bin/../lib/gcc/arm-none-eabi/13.3.1/../../../../arm-none-eabi/lib/thumb/v7e-m+fp/hard/libc_nano.a(libc_a-exit.o) (__stdio_exit_handler)
/opt/st/stm32cubeide_1.19.0/plugins/com.st.stm32cube.ide.mcu.externaltools.gnu-tools-for-stm32.13.3.rel1.linux64_1.0.0.202410170706/tools/bin/../lib/gcc/arm-none-eabi/13.3.1/../../../../arm-none-eabi/lib/thumb/v7e-m+fp/hard/libc_nano.a(libc_a-fwalk.o)
                              /opt/st/stm32cubeide_1.19.0/plugins/com.st.stm32cube.ide.mcu.externaltools.gnu-tools-for-stm32.13.3.rel1.linux64_1.0.0.202410170706/tools/bin/../lib/gcc/arm-none-eabi/13.3.1/../../../../arm-none-eabi/lib/thumb/v7e-m+fp/hard/libc_nano.a(libc_a-findfp.o) (_fwalk_sglue)
/opt/st/stm32cubeide_1.19.0/plugins/com.st.stm32cube.ide.mcu.externaltools.gnu-tools-for-stm32.13.3.rel1.linux64_1.0.0.202410170706/tools/bin/../lib/gcc/arm-none-eabi/13.3.1/../../../../arm-none-eabi/lib/thumb/v7e-m+fp/hard/libc_nano.a(libc_a-sprintf.o)
                              ./Core/Src/main.o (sprintf)
/opt/st/stm32cubeide_1.19.0/plugins/com.st.stm32cube.ide.mcu.externaltools.gnu-tools-for-stm32.13.3.rel1.linux64_1.0.0.202410170706/tools/bin/../lib/gcc/arm-none-eabi/13.3.1/../../../../arm-none-eabi/lib/thumb/v7e-m+fp/hard/libc_nano.a(libc_a-stdio.o)
                              /opt/st/stm32cubeide_1.19.0/plugins/com.st.stm32cube.ide.mcu.externaltools.gnu-tools-for-stm32.13.3.rel1.linux64_1.0.0.202410170706/tools/bin/../lib/gcc/arm-none-eabi/13.3.1/../../../../arm-none-eabi/lib/thumb/v7e-m+fp/hard/libc_nano.a(libc_a-findfp.o) (__sread)
/opt/st/stm32cubeide_1.19.0/plugins/com.st.stm32cube.ide.mcu.externaltools.gnu-tools-for-stm32.13.3.rel1.linux64_1.0.0.202410170706/tools/bin/../lib/gcc/arm-none-eabi/13.3.1/../../../../arm-none-eabi/lib/thumb/v7e-m+fp/hard/libc_nano.a(libc_a-memset.o)
                              /opt/st/stm32cubeide_1.19.0/plugins/com.st.stm32cube.ide.mcu.externaltools.gnu-tools-for-stm32.13.3.rel1.linux64_1.0.0.202410170706/tools/bin/../lib/gcc/arm-none-eabi/13.3.1/../../../../arm-none-eabi/lib/thumb/v7e-m+fp/hard/crt0.o (memset)
/opt/st/stm32cubeide_1.19.0/plugins/com.st.stm32cube.ide.mcu.externaltools.gnu-tools-for-stm32.13.3.rel1.linux64_1.0.0.202410170706/tools/bin/../lib/gcc/arm-none-eabi/13.3.1/../../../../arm-none-eabi/lib/thumb/v7e-m+fp/hard/libc_nano.a(libc_a-closer.o)
                              /opt/st/stm32cubeide_1.19.0/plugins/com.st.stm32cube.ide.mcu.externaltools.gnu-tools-for-stm32.13.3.rel1.linux64_1.0.0.202410170706/tools/bin/../lib/gcc/arm-none-eabi/13.3.1/../../../../arm-none-eabi/lib/thumb/v7e-m+fp/hard/libc_nano.a(libc_a-stdio.o) (_close_r)
/opt/st/stm32cubeide_1.19.0/plugins/com.st.stm32cube.ide.mcu.externaltools.gnu-tools-for-stm32.13.3.rel1.linux64_1.0.0.202410170706/tools/bin/../lib/gcc/arm-none-eabi/13.3.1/../../../../arm-none-eabi/lib/thumb/v7e-m+fp/hard/libc_nano.a(libc_a-reent.o)
                              /opt/st/stm32cubeide_1.19.0/plugins/com.st.stm32cube.ide.mcu.externaltools.gnu-tools-for-stm32.13.3.rel1.linux64_1.0.0.202410170706/tools/bin/../lib/gcc/arm-none-eabi/13.3.1/../../../../arm-none-eabi/lib/thumb/v7e-m+fp/hard/libc_nano.a(libc_a-closer.o) (errno)
/opt/st/stm32cubeide_1.19.0/plugins/com.st.stm32cube.ide.mcu.externaltools.gnu-tools-for-stm32.13.3.rel1.linux64_1.0.0.202410170706/tools/bin/../lib/gcc/arm-none-eabi/13.3.1/../../../../arm-none-eabi/lib/thumb/v7e-m+fp/hard/libc_nano.a(libc_a-impure.o)
                              /opt/st/stm32cubeide_1.19.0/plugins/com.st.stm32cube.ide.mcu.externaltools.gnu-tools-for-stm32.13.3.rel1.linux64_1.0.0.202410170706/tools/bin/../lib/gcc/arm-none-eabi/13.3.1/../../../../arm-none-eabi/lib/thumb/v7e-m+fp/hard/libc_nano.a(libc_a-sprintf.o) (_impure_ptr)
/opt/st/stm32cubeide_1.19.0/plugins/com.st.stm32cube.ide.mcu.externaltools.gnu-tools-for-stm32.13.3.rel1.linux64_1.0.0.202410170706/tools/bin/../lib/gcc/arm-none-eabi/13.3.1/../../../../arm-none-eabi/lib/thumb/v7e-m+fp/hard/libc_nano.a(libc_a-lseekr.o)
[...]
Memory Configuration

Name             Origin             Length             Attributes
CCMRAM           0x10000000         0x00010000         xrw
RAM              0x20000000         0x00020000         xrw
FLASH            0x08000000         0x00100000         xr
*default*        0x00000000         0xffffffff

Linker script and memory map

LOAD /opt/st/stm32cubeide_1.19.0/plugins/com.st.stm32cube.ide.mcu.externaltools.gnu-tools-for-stm32.13.3.rel1.linux64_1.0.0.202410170706/tools/bin/../lib/gcc/arm-none-eabi/13.3.1/thumb/v7e-m+fp/hard/crti.o
LOAD /opt/st/stm32cubeide_1.19.0/plugins/com.st.stm32cube.ide.mcu.externaltools.gnu-tools-for-stm32.13.3.rel1.linux64_1.0.0.202410170706/tools/bin/../lib/gcc/arm-none-eabi/13.3.1/thumb/v7e-m+fp/hard/crtbegin.o
LOAD /opt/st/stm32cubeide_1.19.0/plugins/com.st.stm32cube.ide.mcu.externaltools.gnu-tools-for-stm32.13.3.rel1.linux64_1.0.0.202410170706/tools/bin/../lib/gcc/arm-none-eabi/13.3.1/../../../../arm-none-eabi/lib/thumb/v7e-m+fp/hard/crt0.o
LOAD ./Core/Src/dcm.o
LOAD ./Core/Src/dcm_rdbi.o
LOAD ./Core/Src/dcm_seca.o
LOAD ./Core/Src/dcm_wdbi.o
LOAD ./Core/Src/iso_tp.o
LOAD ./Core/Src/main.o
LOAD ./Core/Src/stm32f4xx_hal_msp.o
LOAD ./Core/Src/stm32f4xx_it.o
LOAD ./Core/Src/syscalls.o
LOAD ./Core/Src/sysmem.o
LOAD ./Core/Src/system_stm32f4xx.o
LOAD ./Core/Startup/startup_stm32f405rgtx.o
LOAD ./Drivers/STM32F4xx_HAL_Driver/Src/stm32f4xx_hal.o
LOAD ./Drivers/STM32F4xx_HAL_Driver/Src/stm32f4xx_hal_can.o
LOAD ./Drivers/STM32F4xx_HAL_Driver/Src/stm32f4xx_hal_cortex.o
LOAD ./Drivers/STM32F4xx_HAL_Driver/Src/stm32f4xx_hal_dma.o
LOAD ./Drivers/STM32F4xx_HAL_Driver/Src/stm32f4xx_hal_dma_ex.o
LOAD ./Drivers/STM32F4xx_HAL_Driver/Src/stm32f4xx_hal_exti.o
LOAD ./Drivers/STM32F4xx_HAL_Driver/Src/stm32f4xx_hal_flash.o
LOAD ./Drivers/STM32F4xx_HAL_Driver/Src/stm32f4xx_hal_flash_ex.o
LOAD ./Drivers/STM32F4xx_HAL_Driver/Src/stm32f4xx_hal_flash_ramfunc.o
LOAD ./Drivers/STM32F4xx_HAL_Driver/Src/stm32f4xx_hal_gpio.o
LOAD ./Drivers/STM32F4xx_HAL_Driver/Src/stm32f4xx_hal_pwr.o
LOAD ./Drivers/STM32F4xx_HAL_Driver/Src/stm32f4xx_hal_pwr_ex.o
LOAD ./Drivers/STM32F4xx_HAL_Driver/Src/stm32f4xx_hal_rcc.o
LOAD ./Drivers/STM32F4xx_HAL_Driver/Src/stm32f4xx_hal_rcc_ex.o
LOAD ./Drivers/STM32F4xx_HAL_Driver/Src/stm32f4xx_hal_tim.o
LOAD ./Drivers/STM32F4xx_HAL_Driver/Src/stm32f4xx_hal_tim_ex.o
LOAD ./Drivers/STM32F4xx_HAL_Driver/Src/stm32f4xx_hal_uart.o
START GROUP
LOAD /opt/st/stm32cubeide_1.19.0/plugins/com.st.stm32cube.ide.mcu.externaltools.gnu-tools-for-stm32.13.3.rel1.linux64_1.0.0.202410170706/tools/bin/../lib/gcc/arm-none-eabi/13.3.1/../../../../arm-none-eabi/lib/thumb/v7e-m+fp/hard/libc_nano.a
LOAD /opt/st/stm32cubeide_1.19.0/plugins/com.st.stm32cube.ide.mcu.externaltools.gnu-tools-for-stm32.13.3.rel1.linux64_1.0.0.202410170706/tools/bin/../lib/gcc/arm-none-eabi/13.3.1/../../../../arm-none-eabi/lib/thumb/v7e-m+fp/hard/libm.a
END GROUP
START GROUP
LOAD /opt/st/stm32cubeide_1.19.0/plugins/com.st.stm32cube.ide.mcu.externaltools.gnu-tools-for-stm32.13.3.rel1.linux64_1.0.0.202410170706/tools/bin/../lib/gcc/arm-none-eabi/13.3.1/thumb/v7e-m+fp/hard/libgcc.a
LOAD /opt/st/stm32cubeide_1.19.0/plugins/com.st.stm32cube.ide.mcu.externaltools.gnu-tools-for-stm32.13.3.rel1.linux64_1.0.0.202410170706/tools/bin/../lib/gcc/arm-none-eabi/13.3.1/../../../../arm-none-eabi/lib/thumb/v7e-m+fp/hard/libc_nano.a
END GROUP
START GROUP
LOAD /opt/st/stm32cubeide_1.19.0/plugins/com.st.stm32cube.ide.mcu.externaltools.gnu-tools-for-stm32.13.3.rel1.linux64_1.0.0.202410170706/tools/bin/../lib/gcc/arm-none-eabi/13.3.1/thumb/v7e-m+fp/hard/libgcc.a
LOAD /opt/st/stm32cubeide_1.19.0/plugins/com.st.stm32cube.ide.mcu.externaltools.gnu-tools-for-stm32.13.3.rel1.linux64_1.0.0.202410170706/tools/bin/../lib/gcc/arm-none-eabi/13.3.1/../../../../arm-none-eabi/lib/thumb/v7e-m+fp/hard/libc_nano.a
LOAD /opt/st/stm32cubeide_1.19.0/plugins/com.st.stm32cube.ide.mcu.externaltools.gnu-tools-for-stm32.13.3.rel1.linux64_1.0.0.202410170706/tools/bin/../lib/gcc/arm-none-eabi/13.3.1/../../../../arm-none-eabi/lib/thumb/v7e-m+fp/hard/libnosys.a
END GROUP
START GROUP
LOAD /opt/st/stm32cubeide_1.19.0/plugins/com.st.stm32cube.ide.mcu.externaltools.gnu-tools-for-stm32.13.3.rel1.linux64_1.0.0.202410170706/tools/bin/../lib/gcc/arm-none-eabi/13.3.1/thumb/v7e-m+fp/hard/libgcc.a
LOAD /opt/st/stm32cubeide_1.19.0/plugins/com.st.stm32cube.ide.mcu.externaltools.gnu-tools-for-stm32.13.3.rel1.linux64_1.0.0.202410170706/tools/bin/../lib/gcc/arm-none-eabi/13.3.1/../../../../arm-none-eabi/lib/thumb/v7e-m+fp/hard/libc_nano.a
LOAD /opt/st/stm32cubeide_1.19.0/plugins/com.st.stm32cube.ide.mcu.externaltools.gnu-tools-for-stm32.13.3.rel1.linux64_1.0.0.202410170706/tools/bin/../lib/gcc/arm-none-eabi/13.3.1/../../../../arm-none-eabi/lib/thumb/v7e-m+fp/hard/libnosys.a
END GROUP
LOAD /opt/st/stm32cubeide_1.19.0/plugins/com.st.stm32cube.ide.mcu.externaltools.gnu-tools-for-stm32.13.3.rel1.linux64_1.0.0.202410170706/tools/bin/../lib/gcc/arm-none-eabi/13.3.1/thumb/v7e-m+fp/hard/crtend.o
LOAD /opt/st/stm32cubeide_1.19.0/plugins/com.st.stm32cube.ide.mcu.externaltools.gnu-tools-for-stm32.13.3.rel1.linux64_1.0.0.202410170706/tools/bin/../lib/gcc/arm-none-eabi/13.3.1/thumb/v7e-m+fp/hard/crtn.o
                0x20020000                        _estack = (ORIGIN (RAM) + LENGTH (RAM))
                0x00000200                        _Min_Heap_Size = 0x200
                0x00000400                        _Min_Stack_Size = 0x400

.isr_vector     0x08000000      0x188
                0x08000000                        . = ALIGN (0x4)
 *(.isr_vector)
 .isr_vector    0x08000000      0x188 ./Core/Startup/startup_stm32f405rgtx.o
                0x08000000                g_pfnVectors
                0x08000188                        . = ALIGN (0x4)

.text           0x08000190     0x6124
                0x08000190                        . = ALIGN (0x4)
 *(.text)
 .text          0x08000190       0x40 /opt/st/stm32cubeide_1.19.0/plugins/com.st.stm32cube.ide.mcu.externaltools.gnu-tools-for-stm32.13.3.rel1.linux64_1.0.0.202410170706/tools/bin/../lib/gcc/arm-none-eabi/13.3.1/thumb/v7e-m+fp/hard/crtbegin.o
 .text          0x080001d0       0xa0 /opt/st/stm32cubeide_1.19.0/plugins/com.st.stm32cube.ide.mcu.externaltools.gnu-tools-for-stm32.13.3.rel1.linux64_1.0.0.202410170706/tools/bin/../lib/gcc/arm-none-eabi/13.3.1/../../../../arm-none-eabi/lib/thumb/v7e-m+fp/hard/libc_nano.a(libc_a-memchr.o)
                0x080001d0                memchr
 .text          0x08000270       0x30 /opt/st/stm32cubeide_1.19.0/plugins/com.st.stm32cube.ide.mcu.externaltools.gnu-tools-for-stm32.13.3.rel1.linux64_1.0.0.202410170706/tools/bin/../lib/gcc/arm-none-eabi/13.3.1/thumb/v7e-m+fp/hard/libgcc.a(_aeabi_uldivmod.o)
                0x08000270                __aeabi_uldivmod
 .text          0x080002a0      0x2f8 /opt/st/stm32cubeide_1.19.0/plugins/com.st.stm32cube.ide.mcu.externaltools.gnu-tools-for-stm32.13.3.rel1.linux64_1.0.0.202410170706/tools/bin/../lib/gcc/arm-none-eabi/13.3.1/thumb/v7e-m+fp/hard/libgcc.a(_udivmoddi4.o)
                0x080002a0                __udivmoddi4
 .text          0x08000598        0x4 /opt/st/stm32cubeide_1.19.0/plugins/com.st.stm32cube.ide.mcu.externaltools.gnu-tools-for-stm32.13.3.rel1.linux64_1.0.0.202410170706/tools/bin/../lib/gcc/arm-none-eabi/13.3.1/thumb/v7e-m+fp/hard/libgcc.a(_dvmd_tls.o)
                0x08000598                __aeabi_ldiv0
                0x08000598                __aeabi_idiv0
 *(.text*)
 .text.DCM_ProcessRequest
                0x0800059c       0x90 ./Core/Src/dcm.o
                0x0800059c                DCM_ProcessRequest
 .text.DCM_RDBI_ProcessRequest
                0x0800062c       0xec ./Core/Src/dcm_rdbi.o
                0x0800062c                DCM_RDBI_ProcessRequest
 .text.DCM_SECA_ProcessRequest
                0x08000718      0x1ac ./Core/Src/dcm_seca.o
                0x08000718                DCM_SECA_ProcessRequest
 .text.DCM_WDBI_ProcessRequest
                0x080008c4      0x130 ./Core/Src/dcm_wdbi.o
                0x080008c4                DCM_WDBI_ProcessRequest
 .text.iso_tp_init
                0x080009f4       0x78 ./Core/Src/iso_tp.o
                0x080009f4                iso_tp_init
 .text.iso_tp_timer_update
                0x08000a6c       0x38 ./Core/Src/iso_tp.o
                0x08000a6c                iso_tp_timer_update
 .text.iso_tp_start_timer
                0x08000aa4       0x28 ./Core/Src/iso_tp.o
                0x08000aa4                iso_tp_start_timer
 .text.iso_tp_handle_timeout
                0x08000acc       0x18 ./Core/Src/iso_tp.o
                0x08000acc                iso_tp_handle_timeout
 .text.iso_tp_get_data_length
                0x08000ae4       0x6a ./Core/Src/iso_tp.o
                0x08000ae4                iso_tp_get_data_length
 *fill*         0x08000b4e        0x2 
 .text.iso_tp_process_rx
                0x08000b50      0x1fc ./Core/Src/iso_tp.o
                0x08000b50                iso_tp_process_rx
 .text.iso_tp_send_fc
                0x08000d4c       0x74 ./Core/Src/iso_tp.o
                0x08000d4c                iso_tp_send_fc
 .text.iso_tp_send_sf
                0x08000dc0       0x7c ./Core/Src/iso_tp.o
                0x08000dc0                iso_tp_send_sf
 .text.iso_tp_send_ff
                0x08000e3c       0xcc ./Core/Src/iso_tp.o
                0x08000e3c                iso_tp_send_ff
 .text.iso_tp_send_cf
                0x08000f08      0x10c ./Core/Src/iso_tp.o
                0x08000f08                iso_tp_send_cf
 .text.iso_tp_send_response_auto
                0x08001014      0x148 ./Core/Src/iso_tp.o
                0x08001014                iso_tp_send_response_auto
 .text.main     0x0800115c      0x12c ./Core/Src/main.o
                0x0800115c                main
 .text.SystemClock_Config
                0x08001288       0xd4 ./Core/Src/main.o
                0x08001288                SystemClock_Config
 .text.MX_CAN1_Init
                0x0800135c       0x6c ./Core/Src/main.o
 .text.MX_CAN2_Init
                0x080013c8       0x6c ./Core/Src/main.o
 .text.MX_TIM3_Init
                0x08001434       0x9c ./Core/Src/main.o
 .text.MX_USART3_UART_Init
                0x080014d0       0x54 ./Core/Src/main.o
 .text.MX_GPIO_Init
                0x08001524      0x120 ./Core/Src/main.o
 .text.MX_CAN1_Setup
                0x08001644       0x28 ./Core/Src/main.o
                0x08001644                MX_CAN1_Setup
 .text.MX_CAN2_Setup
                0x0800166c       0x28 ./Core/Src/main.o
                0x0800166c                MX_CAN2_Setup
 .text.USART3_SendString
                0x08001694       0x50 ./Core/Src/main.o
                0x08001694                USART3_SendString
 .text.PrintCANLog
                0x080016e4       0x98 ./Core/Src/main.o
                0x080016e4                PrintCANLog
 .text.HAL_UART_RxCpltCallback
                0x0800177c       0x3c ./Core/Src/main.o
                0x0800177c                HAL_UART_RxCpltCallback
 .text.delay    0x080017b8       0x1a ./Core/Src/main.o
                0x080017b8                delay
 .text.calculate_key
                0x080017d2       0x8c ./Core/Src/main.o
                0x080017d2                calculate_key
 *fill*         0x0800185e        0x2 
 .text.send_uds_request_via_can1
                0x08001860      0x1c0 ./Core/Src/main.o
                0x08001860                send_uds_request_via_can1
 .text.compare_key
                0x08001a20       0x48 ./Core/Src/main.o
                0x08001a20                compare_key
 .text.HAL_CAN_RxFifo0MsgPendingCallback
                0x08001a68       0x98 ./Core/Src/main.o
                0x08001a68                HAL_CAN_RxFifo0MsgPendingCallback
 .text.CAN1_Send
                0x08001b00       0x3c ./Core/Src/main.o
                0x08001b00                CAN1_Send
 .text.CAN1CommSetup
                0x08001b3c       0x78 ./Core/Src/main.o
                0x08001b3c                CAN1CommSetup
 .text.CAN2CommSetup
                0x08001bb4       0x78 ./Core/Src/main.o
                0x08001bb4                CAN2CommSetup
 .text.HAL_TIM_PeriodElapsedCallback
                0x08001c2c       0x50 ./Core/Src/main.o
                0x08001c2c                HAL_TIM_PeriodElapsedCallback
 .text.Error_Handler
                0x08001c7c        0xc ./Core/Src/main.o
                0x08001c7c                Error_Handler
 .text.HAL_MspInit
                0x08001c88       0x50 ./Core/Src/stm32f4xx_hal_msp.o
                0x08001c88                HAL_MspInit
 .text.HAL_CAN_MspInit
                0x08001cd8      0x160 ./Core/Src/stm32f4xx_hal_msp.o
                0x08001cd8                HAL_CAN_MspInit
 .text.HAL_TIM_Base_MspInit
                0x08001e38       0x50 ./Core/Src/stm32f4xx_hal_msp.o
                0x08001e38                HAL_TIM_Base_MspInit
 .text.HAL_UART_MspInit
                0x08001e88       0xa0 ./Core/Src/stm32f4xx_hal_msp.o
                0x08001e88                HAL_UART_MspInit
 .text.NMI_Handler
                0x08001f28        0x8 ./Core/Src/stm32f4xx_it.o
                0x08001f28                NMI_Handler
 .text.HardFault_Handler
                0x08001f30        0x8 ./Core/Src/stm32f4xx_it.o
                0x08001f30                HardFault_Handler
 .text.MemManage_Handler
                0x08001f38        0x8 ./Core/Src/stm32f4xx_it.o
                0x08001f38                MemManage_Handler
 .text.BusFault_Handler
                0x08001f40        0x8 ./Core/Src/stm32f4xx_it.o
                0x08001f40                BusFault_Handler
 .text.UsageFault_Handler
                0x08001f48        0x8 ./Core/Src/stm32f4xx_it.o
                0x08001f48                UsageFault_Handler
 .text.SVC_Handler
                0x08001f50        0xe ./Core/Src/stm32f4xx_it.o
                0x08001f50                SVC_Handler
 .text.DebugMon_Handler
                0x08001f5e        0xe ./Core/Src/stm32f4xx_it.o
                0x08001f5e                DebugMon_Handler
 .text.PendSV_Handler
                0x08001f6c        0xe ./Core/Src/stm32f4xx_it.o
                0x08001f6c                PendSV_Handler
 *fill*         0x08001f7a        0x2 
 .text.SysTick_Handler
                0x08001f7c       0x1c ./Core/Src/stm32f4xx_it.o
                0x08001f7c                SysTick_Handler
 .text.EXTI0_IRQHandler
                0x08001f98        0xe ./Core/Src/stm32f4xx_it.o
                0x08001f98                EXTI0_IRQHandler
 *fill*         0x08001fa6        0x2 
 .text.CAN1_RX0_IRQHandler
                0x08001fa8       0x28 ./Core/Src/stm32f4xx_it.o
                0x08001fa8                CAN1_RX0_IRQHandler
 .text.TIM3_IRQHandler
                0x08001fd0       0x14 ./Core/Src/stm32f4xx_it.o
                0x08001fd0                TIM3_IRQHandler
 .text.USART3_IRQHandler
                0x08001fe4       0x20 ./Core/Src/stm32f4xx_it.o
                0x08001fe4                USART3_IRQHandler
 .text.CAN2_RX0_IRQHandler
                0x08002004       0x28 ./Core/Src/stm32f4xx_it.o
                0x08002004                CAN2_RX0_IRQHandler
 .text._sbrk    0x0800202c       0x6c ./Core/Src/sysmem.o
                0x0800202c                _sbrk
 .text.SystemInit
                0x08002098       0x24 ./Core/Src/system_stm32f4xx.o
                0x08002098                SystemInit
 .text.Reset_Handler
                0x080020bc       0x50 ./Core/Startup/startup_stm32f405rgtx.o
                0x080020bc                Reset_Handler
 .text.Default_Handler
                0x0800210c        0x2 ./Core/Startup/startup_stm32f405rgtx.o
                0x0800210c                RTC_Alarm_IRQHandler
                0x0800210c                HASH_RNG_IRQHandler
                0x0800210c                EXTI2_IRQHandler
                0x0800210c                TIM8_CC_IRQHandler
                0x0800210c                TIM1_CC_IRQHandler
                0x0800210c                DMA2_Stream5_IRQHandler
                0x0800210c                DMA1_Stream5_IRQHandler
                0x0800210c                PVD_IRQHandler
                0x0800210c                SDIO_IRQHandler
                0x0800210c                TAMP_STAMP_IRQHandler
                0x0800210c                CAN2_RX1_IRQHandler
                0x0800210c                EXTI3_IRQHandler
                0x0800210c                TIM8_TRG_COM_TIM14_IRQHandler
                0x0800210c                TIM1_UP_TIM10_IRQHandler
                0x0800210c                TIM8_UP_TIM13_IRQHandler
                0x0800210c                I2C3_ER_IRQHandler
                0x0800210c                I2C2_EV_IRQHandler
                0x0800210c                DMA1_Stream2_IRQHandler
                0x0800210c                FPU_IRQHandler
                0x0800210c                OTG_HS_WKUP_IRQHandler
                0x0800210c                CAN2_SCE_IRQHandler
                0x0800210c                DMA2_Stream2_IRQHandler
                0x0800210c                SPI1_IRQHandler
                0x0800210c                TIM6_DAC_IRQHandler
                0x0800210c                TIM1_BRK_TIM9_IRQHandler
                0x0800210c                DMA2_Stream3_IRQHandler
                0x0800210c                USART6_IRQHandler
                0x0800210c                CAN1_RX1_IRQHandler
                0x0800210c                UART5_IRQHandler
                0x0800210c                DMA2_Stream0_IRQHandler
                0x0800210c                TIM4_IRQHandler
                0x0800210c                I2C1_EV_IRQHandler
                0x0800210c                DMA1_Stream6_IRQHandler
                0x0800210c                DMA1_Stream1_IRQHandler
                0x0800210c                UART4_IRQHandler
                0x0800210c                RCC_IRQHandler
                0x0800210c                TIM8_BRK_TIM12_IRQHandler
                0x0800210c                Default_Handler
                0x0800210c                EXTI15_10_IRQHandler
                0x0800210c                ADC_IRQHandler
                0x0800210c                DMA1_Stream7_IRQHandler
                0x0800210c                TIM7_IRQHandler
                0x0800210c                CAN2_TX_IRQHandler
                0x0800210c                TIM5_IRQHandler
                0x0800210c                DMA2_Stream7_IRQHandler
                0x0800210c                I2C3_EV_IRQHandler
                0x0800210c                EXTI9_5_IRQHandler
                0x0800210c                RTC_WKUP_IRQHandler
                0x0800210c                SPI2_IRQHandler
                0x0800210c                OTG_HS_EP1_IN_IRQHandler
                0x0800210c                DMA1_Stream0_IRQHandler
                0x0800210c                CAN1_TX_IRQHandler
                0x0800210c                EXTI4_IRQHandler
                0x0800210c                FSMC_IRQHandler
                0x0800210c                OTG_HS_EP1_OUT_IRQHandler
                0x0800210c                WWDG_IRQHandler
                0x0800210c                TIM2_IRQHandler
                0x0800210c                OTG_FS_WKUP_IRQHandler
                0x0800210c                TIM1_TRG_COM_TIM11_IRQHandler
                0x0800210c                OTG_HS_IRQHandler
                0x0800210c                EXTI1_IRQHandler
                0x0800210c                USART2_IRQHandler
                0x0800210c                I2C2_ER_IRQHandler
                0x0800210c                DMA2_Stream1_IRQHandler
                0x0800210c                CAN1_SCE_IRQHandler
                0x0800210c                FLASH_IRQHandler
                0x0800210c                DMA2_Stream4_IRQHandler
                0x0800210c                USART1_IRQHandler
                0x0800210c                OTG_FS_IRQHandler
                0x0800210c                SPI3_IRQHandler
                0x0800210c                DMA1_Stream4_IRQHandler
                0x0800210c                I2C1_ER_IRQHandler
                0x0800210c                DMA2_Stream6_IRQHandler
                0x0800210c                DMA1_Stream3_IRQHandler
 *fill*         0x0800210e        0x2 
 .text.HAL_Init
                0x08002110       0x44 ./Drivers/STM32F4xx_HAL_Driver/Src/stm32f4xx_hal.o
                0x08002110                HAL_Init
 .text.HAL_InitTick
                0x08002154       0x60 ./Drivers/STM32F4xx_HAL_Driver/Src/stm32f4xx_hal.o
                0x08002154                HAL_InitTick
 .text.HAL_IncTick
                0x080021b4       0x28 ./Drivers/STM32F4xx_HAL_Driver/Src/stm32f4xx_hal.o
                0x080021b4                HAL_IncTick
 .text.HAL_GetTick
                0x080021dc       0x18 ./Drivers/STM32F4xx_HAL_Driver/Src/stm32f4xx_hal.o
                0x080021dc                HAL_GetTick
 .text.HAL_Delay
                0x080021f4       0x48 ./Drivers/STM32F4xx_HAL_Driver/Src/stm32f4xx_hal.o
                0x080021f4                HAL_Delay
 .text.HAL_CAN_Init
                0x0800223c      0x1f6 ./Drivers/STM32F4xx_HAL_Driver/Src/stm32f4xx_hal_can.o
                0x0800223c                HAL_CAN_Init
 *fill*         0x08002432        0x2 
 .text.HAL_CAN_ConfigFilter
                0x08002434      0x1c0 ./Drivers/STM32F4xx_HAL_Driver/Src/stm32f4xx_hal_can.o
                0x08002434                HAL_CAN_ConfigFilter
 .text.HAL_CAN_Start
                0x080025f4       0x88 ./Drivers/STM32F4xx_HAL_Driver/Src/stm32f4xx_hal_can.o
                0x080025f4                HAL_CAN_Start
 .text.HAL_CAN_AddTxMessage
                0x0800267c      0x1a0 ./Drivers/STM32F4xx_HAL_Driver/Src/stm32f4xx_hal_can.o
                0x0800267c                HAL_CAN_AddTxMessage
 .text.HAL_CAN_GetRxMessage
                0x0800281c      0x244 ./Drivers/STM32F4xx_HAL_Driver/Src/stm32f4xx_hal_can.o
                0x0800281c                HAL_CAN_GetRxMessage
 .text.HAL_CAN_ActivateNotification
                0x08002a60       0x4c ./Drivers/STM32F4xx_HAL_Driver/Src/stm32f4xx_hal_can.o
                0x08002a60                HAL_CAN_ActivateNotification
 .text.HAL_CAN_IRQHandler
                0x08002aac      0x36e ./Drivers/STM32F4xx_HAL_Driver/Src/stm32f4xx_hal_can.o
                0x08002aac                HAL_CAN_IRQHandler
 .text.HAL_CAN_TxMailbox0CompleteCallback
                0x08002e1a       0x14 ./Drivers/STM32F4xx_HAL_Driver/Src/stm32f4xx_hal_can.o
                0x08002e1a                HAL_CAN_TxMailbox0CompleteCallback
 .text.HAL_CAN_TxMailbox1CompleteCallback
                0x08002e2e       0x14 ./Drivers/STM32F4xx_HAL_Driver/Src/stm32f4xx_hal_can.o
                0x08002e2e                HAL_CAN_TxMailbox1CompleteCallback
 .text.HAL_CAN_TxMailbox2CompleteCallback
                0x08002e42       0x14 ./Drivers/STM32F4xx_HAL_Driver/Src/stm32f4xx_hal_can.o
                0x08002e42                HAL_CAN_TxMailbox2CompleteCallback
 .text.HAL_CAN_TxMailbox0AbortCallback
                0x08002e56       0x14 ./Drivers/STM32F4xx_HAL_Driver/Src/stm32f4xx_hal_can.o
                0x08002e56                HAL_CAN_TxMailbox0AbortCallback
 .text.HAL_CAN_TxMailbox1AbortCallback
                0x08002e6a       0x14 ./Drivers/STM32F4xx_HAL_Driver/Src/stm32f4xx_hal_can.o
                0x08002e6a                HAL_CAN_TxMailbox1AbortCallback
 .text.HAL_CAN_TxMailbox2AbortCallback
                0x08002e7e       0x14 ./Drivers/STM32F4xx_HAL_Driver/Src/stm32f4xx_hal_can.o
                0x08002e7e                HAL_CAN_TxMailbox2AbortCallback
 .text.HAL_CAN_RxFifo0FullCallback
                0x08002e92       0x14 ./Drivers/STM32F4xx_HAL_Driver/Src/stm32f4xx_hal_can.o
                0x08002e92                HAL_CAN_RxFifo0FullCallback
 .text.HAL_CAN_RxFifo1MsgPendingCallback
                0x08002ea6       0x14 ./Drivers/STM32F4xx_HAL_Driver/Src/stm32f4xx_hal_can.o
                0x08002ea6                HAL_CAN_RxFifo1MsgPendingCallback
 .text.HAL_CAN_RxFifo1FullCallback
                0x08002eba       0x14 ./Drivers/STM32F4xx_HAL_Driver/Src/stm32f4xx_hal_can.o
                0x08002eba                HAL_CAN_RxFifo1FullCallback
 .text.HAL_CAN_SleepCallback
                0x08002ece       0x14 ./Drivers/STM32F4xx_HAL_Driver/Src/stm32f4xx_hal_can.o
                0x08002ece                HAL_CAN_SleepCallback
 .text.HAL_CAN_WakeUpFromRxMsgCallback
                0x08002ee2       0x14 ./Drivers/STM32F4xx_HAL_Driver/Src/stm32f4xx_hal_can.o
                0x08002ee2                HAL_CAN_WakeUpFromRxMsgCallback
 .text.HAL_CAN_ErrorCallback
                0x08002ef6       0x14 ./Drivers/STM32F4xx_HAL_Driver/Src/stm32f4xx_hal_can.o
                0x08002ef6                HAL_CAN_ErrorCallback
 *fill*         0x08002f0a        0x2 
 .text.__NVIC_SetPriorityGrouping
                0x08002f0c       0x48 ./Drivers/STM32F4xx_HAL_Driver/Src/stm32f4xx_hal_cortex.o
 .text.__NVIC_GetPriorityGrouping
                0x08002f54       0x1c ./Drivers/STM32F4xx_HAL_Driver/Src/stm32f4xx_hal_cortex.o
 .text.__NVIC_EnableIRQ
                0x08002f70       0x3c ./Drivers/STM32F4xx_HAL_Driver/Src/stm32f4xx_hal_cortex.o
 .text.__NVIC_SetPriority
                0x08002fac       0x54 ./Drivers/STM32F4xx_HAL_Driver/Src/stm32f4xx_hal_cortex.o
 .text.NVIC_EncodePriority
                0x08003000       0x66 ./Drivers/STM32F4xx_HAL_Driver/Src/stm32f4xx_hal_cortex.o
 *fill*         0x08003066        0x2 
 .text.SysTick_Config
                0x08003068       0x44 ./Drivers/STM32F4xx_HAL_Driver/Src/stm32f4xx_hal_cortex.o
 .text.HAL_NVIC_SetPriorityGrouping
                0x080030ac       0x16 ./Drivers/STM32F4xx_HAL_Driver/Src/stm32f4xx_hal_cortex.o
                0x080030ac                HAL_NVIC_SetPriorityGrouping
 .text.HAL_NVIC_SetPriority
                0x080030c2       0x38 ./Drivers/STM32F4xx_HAL_Driver/Src/stm32f4xx_hal_cortex.o
                0x080030c2                HAL_NVIC_SetPriority
 .text.HAL_NVIC_EnableIRQ
                0x080030fa       0x1c ./Drivers/STM32F4xx_HAL_Driver/Src/stm32f4xx_hal_cortex.o
                0x080030fa                HAL_NVIC_EnableIRQ
 .text.HAL_SYSTICK_Config
                0x08003116       0x18 ./Drivers/STM32F4xx_HAL_Driver/Src/stm32f4xx_hal_cortex.o
                0x08003116                HAL_SYSTICK_Config
 .text.HAL_DMA_Abort
                0x0800312e       0xe0 ./Drivers/STM32F4xx_HAL_Driver/Src/stm32f4xx_hal_dma.o
                0x0800312e                HAL_DMA_Abort
 .text.HAL_DMA_Abort_IT
                0x0800320e       0x44 ./Drivers/STM32F4xx_HAL_Driver/Src/stm32f4xx_hal_dma.o
                0x0800320e                HAL_DMA_Abort_IT
 *fill*         0x08003252        0x2 
 .text.HAL_GPIO_Init
                0x08003254      0x338 ./Drivers/STM32F4xx_HAL_Driver/Src/stm32f4xx_hal_gpio.o
                0x08003254                HAL_GPIO_Init
 .text.HAL_GPIO_ReadPin
                0x0800358c       0x30 ./Drivers/STM32F4xx_HAL_Driver/Src/stm32f4xx_hal_gpio.o
                0x0800358c                HAL_GPIO_ReadPin
 .text.HAL_GPIO_WritePin
                0x080035bc       0x32 ./Drivers/STM32F4xx_HAL_Driver/Src/stm32f4xx_hal_gpio.o
                0x080035bc                HAL_GPIO_WritePin
 *fill*         0x080035ee        0x2 
 .text.HAL_GPIO_EXTI_IRQHandler
                0x080035f0       0x30 ./Drivers/STM32F4xx_HAL_Driver/Src/stm32f4xx_hal_gpio.o
                0x080035f0                HAL_GPIO_EXTI_IRQHandler
 .text.HAL_GPIO_EXTI_Callback
                0x08003620       0x16 ./Drivers/STM32F4xx_HAL_Driver/Src/stm32f4xx_hal_gpio.o
                0x08003620                HAL_GPIO_EXTI_Callback
 *fill*         0x08003636        0x2 
 .text.HAL_RCC_OscConfig
                0x08003638      0x4f0 ./Drivers/STM32F4xx_HAL_Driver/Src/stm32f4xx_hal_rcc.o
                0x08003638                HAL_RCC_OscConfig
 .text.HAL_RCC_ClockConfig
                0x08003b28      0x1cc ./Drivers/STM32F4xx_HAL_Driver/Src/stm32f4xx_hal_rcc.o
                0x08003b28                HAL_RCC_ClockConfig
 .text.HAL_RCC_GetSysClockFreq
                0x08003cf4      0x20c ./Drivers/STM32F4xx_HAL_Driver/Src/stm32f4xx_hal_rcc.o
                0x08003cf4                HAL_RCC_GetSysClockFreq
 .text.HAL_RCC_GetHCLKFreq
                0x08003f00       0x18 ./Drivers/STM32F4xx_HAL_Driver/Src/stm32f4xx_hal_rcc.o
                0x08003f00                HAL_RCC_GetHCLKFreq
 .text.HAL_RCC_GetPCLK1Freq
                0x08003f18       0x28 ./Drivers/STM32F4xx_HAL_Driver/Src/stm32f4xx_hal_rcc.o
                0x08003f18                HAL_RCC_GetPCLK1Freq
 .text.HAL_RCC_GetPCLK2Freq
                0x08003f40       0x28 ./Drivers/STM32F4xx_HAL_Driver/Src/stm32f4xx_hal_rcc.o
                0x08003f40                HAL_RCC_GetPCLK2Freq
 .text.HAL_TIM_Base_Init
                0x08003f68       0x9e ./Drivers/STM32F4xx_HAL_Driver/Src/stm32f4xx_hal_tim.o
                0x08003f68                HAL_TIM_Base_Init
 *fill*         0x08004006        0x2 
 .text.HAL_TIM_Base_Start_IT
                0x08004008       0xe0 ./Drivers/STM32F4xx_HAL_Driver/Src/stm32f4xx_hal_tim.o
                0x08004008                HAL_TIM_Base_Start_IT
 .text.HAL_TIM_Base_Stop_IT
                0x080040e8       0x5e ./Drivers/STM32F4xx_HAL_Driver/Src/stm32f4xx_hal_tim.o
                0x080040e8                HAL_TIM_Base_Stop_IT
 .text.HAL_TIM_IRQHandler
                0x08004146      0x1e0 ./Drivers/STM32F4xx_HAL_Driver/Src/stm32f4xx_hal_tim.o
                0x08004146                HAL_TIM_IRQHandler
 .text.HAL_TIM_ConfigClockSource
                0x08004326      0x18e ./Drivers/STM32F4xx_HAL_Driver/Src/stm32f4xx_hal_tim.o
                0x08004326                HAL_TIM_ConfigClockSource
 .text.HAL_TIM_OC_DelayElapsedCallback
                0x080044b4       0x14 ./Drivers/STM32F4xx_HAL_Driver/Src/stm32f4xx_hal_tim.o
                0x080044b4                HAL_TIM_OC_DelayElapsedCallback
 .text.HAL_TIM_IC_CaptureCallback
                0x080044c8       0x14 ./Drivers/STM32F4xx_HAL_Driver/Src/stm32f4xx_hal_tim.o
                0x080044c8                HAL_TIM_IC_CaptureCallback
 .text.HAL_TIM_PWM_PulseFinishedCallback
                0x080044dc       0x14 ./Drivers/STM32F4xx_HAL_Driver/Src/stm32f4xx_hal_tim.o
                0x080044dc                HAL_TIM_PWM_PulseFinishedCallback
 .text.HAL_TIM_TriggerCallback
                0x080044f0       0x14 ./Drivers/STM32F4xx_HAL_Driver/Src/stm32f4xx_hal_tim.o
                0x080044f0                HAL_TIM_TriggerCallback
 .text.TIM_Base_SetConfig
                0x08004504      0x158 ./Drivers/STM32F4xx_HAL_Driver/Src/stm32f4xx_hal_tim.o
                0x08004504                TIM_Base_SetConfig
 .text.TIM_TI1_ConfigInputStage
                0x0800465c       0x5e ./Drivers/STM32F4xx_HAL_Driver/Src/stm32f4xx_hal_tim.o
 .text.TIM_TI2_ConfigInputStage
                0x080046ba       0x60 ./Drivers/STM32F4xx_HAL_Driver/Src/stm32f4xx_hal_tim.o
 .text.TIM_ITRx_SetConfig
                0x0800471a       0x36 ./Drivers/STM32F4xx_HAL_Driver/Src/stm32f4xx_hal_tim.o
 .text.TIM_ETR_SetConfig
                0x08004750       0x40 ./Drivers/STM32F4xx_HAL_Driver/Src/stm32f4xx_hal_tim.o
                0x08004750                TIM_ETR_SetConfig
 .text.HAL_TIMEx_MasterConfigSynchronization
                0x08004790       0xf8 ./Drivers/STM32F4xx_HAL_Driver/Src/stm32f4xx_hal_tim_ex.o
                0x08004790                HAL_TIMEx_MasterConfigSynchronization
 .text.HAL_TIMEx_CommutCallback
                0x08004888       0x14 ./Drivers/STM32F4xx_HAL_Driver/Src/stm32f4xx_hal_tim_ex.o
                0x08004888                HAL_TIMEx_CommutCallback
 .text.HAL_TIMEx_BreakCallback
                0x0800489c       0x14 ./Drivers/STM32F4xx_HAL_Driver/Src/stm32f4xx_hal_tim_ex.o
                0x0800489c                HAL_TIMEx_BreakCallback
 .text.HAL_UART_Init
                0x080048b0       0xa0 ./Drivers/STM32F4xx_HAL_Driver/Src/stm32f4xx_hal_uart.o
                0x080048b0                HAL_UART_Init
 .text.HAL_UART_Transmit
                0x08004950      0x116 ./Drivers/STM32F4xx_HAL_Driver/Src/stm32f4xx_hal_uart.o
                0x08004950                HAL_UART_Transmit
 .text.HAL_UART_Receive_IT
                0x08004a66       0x4a ./Drivers/STM32F4xx_HAL_Driver/Src/stm32f4xx_hal_uart.o
                0x08004a66                HAL_UART_Receive_IT
 .text.HAL_UART_IRQHandler
                0x08004ab0      0x524 ./Drivers/STM32F4xx_HAL_Driver/Src/stm32f4xx_hal_uart.o
                0x08004ab0                HAL_UART_IRQHandler
 .text.HAL_UART_TxCpltCallback
                0x08004fd4       0x14 ./Drivers/STM32F4xx_HAL_Driver/Src/stm32f4xx_hal_uart.o
                0x08004fd4                HAL_UART_TxCpltCallback
 .text.HAL_UART_ErrorCallback
                0x08004fe8       0x14 ./Drivers/STM32F4xx_HAL_Driver/Src/stm32f4xx_hal_uart.o
                0x08004fe8                HAL_UART_ErrorCallback
 .text.HAL_UARTEx_RxEventCallback
                0x08004ffc       0x18 ./Drivers/STM32F4xx_HAL_Driver/Src/stm32f4xx_hal_uart.o
                0x08004ffc                HAL_UARTEx_RxEventCallback
 .text.UART_WaitOnFlagUntilTimeout
                0x08005014       0xb2 ./Drivers/STM32F4xx_HAL_Driver/Src/stm32f4xx_hal_uart.o
 .text.UART_Start_Receive_IT
                0x080050c6       0x74 ./Drivers/STM32F4xx_HAL_Driver/Src/stm32f4xx_hal_uart.o
                0x080050c6                UART_Start_Receive_IT
 .text.UART_EndRxTransfer
                0x0800513a       0xc6 ./Drivers/STM32F4xx_HAL_Driver/Src/stm32f4xx_hal_uart.o
 .text.UART_DMAAbortOnError
                0x08005200       0x28 ./Drivers/STM32F4xx_HAL_Driver/Src/stm32f4xx_hal_uart.o
 .text.UART_Transmit_IT
                0x08005228       0xa0 ./Drivers/STM32F4xx_HAL_Driver/Src/stm32f4xx_hal_uart.o
 .text.UART_EndTransmit_IT
                0x080052c8       0x30 ./Drivers/STM32F4xx_HAL_Driver/Src/stm32f4xx_hal_uart.o
 .text.UART_Receive_IT
                0x080052f8      0x17c ./Drivers/STM32F4xx_HAL_Driver/Src/stm32f4xx_hal_uart.o
 .text.UART_SetConfig
                0x08005474      0x4e8 ./Drivers/STM32F4xx_HAL_Driver/Src/stm32f4xx_hal_uart.o
 .text.sprintf  0x0800595c       0x44 /opt/st/stm32cubeide_1.19.0/plugins/com.st.stm32cube.ide.mcu.externaltools.gnu-tools-for-stm32.13.3.rel1.linux64_1.0.0.202410170706/tools/bin/../lib/gcc/arm-none-eabi/13.3.1/../../../../arm-none-eabi/lib/thumb/v7e-m+fp/hard/libc_nano.a(libc_a-sprintf.o)
                0x0800595c                sprintf
                0x0800595c                siprintf
 .text.memset   0x080059a0       0x10 /opt/st/stm32cubeide_1.19.0/plugins/com.st.stm32cube.ide.mcu.externaltools.gnu-tools-for-stm32.13.3.rel1.linux64_1.0.0.202410170706/tools/bin/../lib/gcc/arm-none-eabi/13.3.1/../../../../arm-none-eabi/lib/thumb/v7e-m+fp/hard/libc_nano.a(libc_a-memset.o)
                0x080059a0                memset
 .text.__errno  0x080059b0        0xc /opt/st/stm32cubeide_1.19.0/plugins/com.st.stm32cube.ide.mcu.externaltools.gnu-tools-for-stm32.13.3.rel1.linux64_1.0.0.202410170706/tools/bin/../lib/gcc/arm-none-eabi/13.3.1/../../../../arm-none-eabi/lib/thumb/v7e-m+fp/hard/libc_nano.a(libc_a-errno.o)
                0x080059b0                __errno
 .text.__libc_init_array
                0x080059bc       0x48 /opt/st/stm32cubeide_1.19.0/plugins/com.st.stm32cube.ide.mcu.externaltools.gnu-tools-for-stm32.13.3.rel1.linux64_1.0.0.202410170706/tools/bin/../lib/gcc/arm-none-eabi/13.3.1/../../../../arm-none-eabi/lib/thumb/v7e-m+fp/hard/libc_nano.a(libc_a-init.o)
                0x080059bc                __libc_init_array
 .text.__retarget_lock_acquire_recursive
                0x08005a04        0x2 /opt/st/stm32cubeide_1.19.0/plugins/com.st.stm32cube.ide.mcu.externaltools.gnu-tools-for-stm32.13.3.rel1.linux64_1.0.0.202410170706/tools/bin/../lib/gcc/arm-none-eabi/13.3.1/../../../../arm-none-eabi/lib/thumb/v7e-m+fp/hard/libc_nano.a(libc_a-lock.o)
                0x08005a04                __retarget_lock_acquire_recursive
 .text.__retarget_lock_release_recursive
                0x08005a06        0x2 /opt/st/stm32cubeide_1.19.0/plugins/com.st.stm32cube.ide.mcu.externaltools.gnu-tools-for-stm32.13.3.rel1.linux64_1.0.0.202410170706/tools/bin/../lib/gcc/arm-none-eabi/13.3.1/../../../../arm-none-eabi/lib/thumb/v7e-m+fp/hard/libc_nano.a(libc_a-lock.o)
                0x08005a06                __retarget_lock_release_recursive
 .text.memcpy   0x08005a08       0x1c /opt/st/stm32cubeide_1.19.0/plugins/com.st.stm32cube.ide.mcu.externaltools.gnu-tools-for-stm32.13.3.rel1.linux64_1.0.0.202410170706/tools/bin/../lib/gcc/arm-none-eabi/13.3.1/../../../../arm-none-eabi/lib/thumb/v7e-m+fp/hard/libc_nano.a(libc_a-memcpy-stub.o)
                0x08005a08                memcpy
 .text._free_r  0x08005a24       0x94 /opt/st/stm32cubeide_1.19.0/plugins/com.st.stm32cube.ide.mcu.externaltools.gnu-tools-for-stm32.13.3.rel1.linux64_1.0.0.202410170706/tools/bin/../lib/gcc/arm-none-eabi/13.3.1/../../../../arm-none-eabi/lib/thumb/v7e-m+fp/hard/libc_nano.a(libc_a-freer.o)
                0x08005a24                _free_r
 .text.sbrk_aligned
                0x08005ab8       0x44 /opt/st/stm32cubeide_1.19.0/plugins/com.st.stm32cube.ide.mcu.externaltools.gnu-tools-for-stm32.13.3.rel1.linux64_1.0.0.202410170706/tools/bin/../lib/gcc/arm-none-eabi/13.3.1/../../../../arm-none-eabi/lib/thumb/v7e-m+fp/hard/libc_nano.a(libc_a-mallocr.o)
 .text._malloc_r
                0x08005afc      0x100 /opt/st/stm32cubeide_1.19.0/plugins/com.st.stm32cube.ide.mcu.externaltools.gnu-tools-for-stm32.13.3.rel1.linux64_1.0.0.202410170706/tools/bin/../lib/gcc/arm-none-eabi/13.3.1/../../../../arm-none-eabi/lib/thumb/v7e-m+fp/hard/libc_nano.a(libc_a-mallocr.o)
                0x08005afc                _malloc_r
 .text.__malloc_lock
                0x08005bfc        0xc /opt/st/stm32cubeide_1.19.0/plugins/com.st.stm32cube.ide.mcu.externaltools.gnu-tools-for-stm32.13.3.rel1.linux64_1.0.0.202410170706/tools/bin/../lib/gcc/arm-none-eabi/13.3.1/../../../../arm-none-eabi/lib/thumb/v7e-m+fp/hard/libc_nano.a(libc_a-mlock.o)
                0x08005bfc                __malloc_lock
 .text.__malloc_unlock
                0x08005c08        0xc /opt/st/stm32cubeide_1.19.0/plugins/com.st.stm32cube.ide.mcu.externaltools.gnu-tools-for-stm32.13.3.rel1.linux64_1.0.0.202410170706/tools/bin/../lib/gcc/arm-none-eabi/13.3.1/../../../../arm-none-eabi/lib/thumb/v7e-m+fp/hard/libc_nano.a(libc_a-mlock.o)
                0x08005c08                __malloc_unlock
 .text.__ssputs_r
                0x08005c14       0xb6 /opt/st/stm32cubeide_1.19.0/plugins/com.st.stm32cube.ide.mcu.externaltools.gnu-tools-for-stm32.13.3.rel1.linux64_1.0.0.202410170706/tools/bin/../lib/gcc/arm-none-eabi/13.3.1/../../../../arm-none-eabi/lib/thumb/v7e-m+fp/hard/libc_nano.a(libc_a-nano-svfprintf.o)
                0x08005c14                __ssputs_r
 *fill*         0x08005cca        0x2 
 .text._svfprintf_r
                0x08005ccc      0x1f8 /opt/st/stm32cubeide_1.19.0/plugins/com.st.stm32cube.ide.mcu.externaltools.gnu-tools-for-stm32.13.3.rel1.linux64_1.0.0.202410170706/tools/bin/../lib/gcc/arm-none-eabi/13.3.1/../../../../arm-none-eabi/lib/thumb/v7e-m+fp/hard/libc_nano.a(libc_a-nano-svfprintf.o)
                0x08005ccc                _svfprintf_r
                0x08005ccc                _svfiprintf_r
 .text._printf_common
                0x08005ec4       0xda /opt/st/stm32cubeide_1.19.0/plugins/com.st.stm32cube.ide.mcu.externaltools.gnu-tools-for-stm32.13.3.rel1.linux64_1.0.0.202410170706/tools/bin/../lib/gcc/arm-none-eabi/13.3.1/../../../../arm-none-eabi/lib/thumb/v7e-m+fp/hard/libc_nano.a(libc_a-nano-vfprintf_i.o)
                0x08005ec4                _printf_common
 *fill*         0x08005f9e        0x2 
 .text._printf_i
                0x08005fa0      0x23c /opt/st/stm32cubeide_1.19.0/plugins/com.st.stm32cube.ide.mcu.externaltools.gnu-tools-for-stm32.13.3.rel1.linux64_1.0.0.202410170706/tools/bin/../lib/gcc/arm-none-eabi/13.3.1/../../../../arm-none-eabi/lib/thumb/v7e-m+fp/hard/libc_nano.a(libc_a-nano-vfprintf_i.o)
                0x08005fa0                _printf_i
 .text.memmove  0x080061dc       0x34 /opt/st/stm32cubeide_1.19.0/plugins/com.st.stm32cube.ide.mcu.externaltools.gnu-tools-for-stm32.13.3.rel1.linux64_1.0.0.202410170706/tools/bin/../lib/gcc/arm-none-eabi/13.3.1/../../../../arm-none-eabi/lib/thumb/v7e-m+fp/hard/libc_nano.a(libc_a-memmove.o)
                0x080061dc                memmove
 .text._sbrk_r  0x08006210       0x20 /opt/st/stm32cubeide_1.19.0/plugins/com.st.stm32cube.ide.mcu.externaltools.gnu-tools-for-stm32.13.3.rel1.linux64_1.0.0.202410170706/tools/bin/../lib/gcc/arm-none-eabi/13.3.1/../../../../arm-none-eabi/lib/thumb/v7e-m+fp/hard/libc_nano.a(libc_a-sbrkr.o)
                0x08006210                _sbrk_r
 .text._realloc_r
                0x08006230       0x5c /opt/st/stm32cubeide_1.19.0/plugins/com.st.stm32cube.ide.mcu.externaltools.gnu-tools-for-stm32.13.3.rel1.linux64_1.0.0.202410170706/tools/bin/../lib/gcc/arm-none-eabi/13.3.1/../../../../arm-none-eabi/lib/thumb/v7e-m+fp/hard/libc_nano.a(libc_a-reallocr.o)
                0x08006230                _realloc_r
 .text._malloc_usable_size_r
                0x0800628c       0x10 /opt/st/stm32cubeide_1.19.0/plugins/com.st.stm32cube.ide.mcu.externaltools.gnu-tools-for-stm32.13.3.rel1.linux64_1.0.0.202410170706/tools/bin/../lib/gcc/arm-none-eabi/13.3.1/../../../../arm-none-eabi/lib/thumb/v7e-m+fp/hard/libc_nano.a(libc_a-msizer.o)
                0x0800628c                _malloc_usable_size_r
 *(.glue_7)
 .glue_7        0x0800629c        0x0 linker stubs
 *(.glue_7t)
 .glue_7t       0x0800629c        0x0 linker stubs
 *(.eh_frame)
 .eh_frame      0x0800629c        0x0 /opt/st/stm32cubeide_1.19.0/plugins/com.st.stm32cube.ide.mcu.externaltools.gnu-tools-for-stm32.13.3.rel1.linux64_1.0.0.202410170706/tools/bin/../lib/gcc/arm-none-eabi/13.3.1/thumb/v7e-m+fp/hard/crtbegin.o
 *(.init)
 .init          0x0800629c        0x4 /opt/st/stm32cubeide_1.19.0/plugins/com.st.stm32cube.ide.mcu.externaltools.gnu-tools-for-stm32.13.3.rel1.linux64_1.0.0.202410170706/tools/bin/../lib/gcc/arm-none-eabi/13.3.1/thumb/v7e-m+fp/hard/crti.o
                0x0800629c                _init
 .init          0x080062a0        0x8 /opt/st/stm32cubeide_1.19.0/plugins/com.st.stm32cube.ide.mcu.externaltools.gnu-tools-for-stm32.13.3.rel1.linux64_1.0.0.202410170706/tools/bin/../lib/gcc/arm-none-eabi/13.3.1/thumb/v7e-m+fp/hard/crtn.o
 *(.fini)
 .fini          0x080062a8        0x4 /opt/st/stm32cubeide_1.19.0/plugins/com.st.stm32cube.ide.mcu.externaltools.gnu-tools-for-stm32.13.3.rel1.linux64_1.0.0.202410170706/tools/bin/../lib/gcc/arm-none-eabi/13.3.1/thumb/v7e-m+fp/hard/crti.o
                0x080062a8                _fini
 .fini          0x080062ac        0x8 /opt/st/stm32cubeide_1.19.0/plugins/com.st.stm32cube.ide.mcu.externaltools.gnu-tools-for-stm32.13.3.rel1.linux64_1.0.0.202410170706/tools/bin/../lib/gcc/arm-none-eabi/13.3.1/thumb/v7e-m+fp/hard/crtn.o
                0x080062b4                        . = ALIGN (0x4)
                0x080062b4                        _etext = .

.vfp11_veneer   0x080062b4        0x0
 .vfp11_veneer  0x080062b4        0x0 linker stubs

.v4_bx          0x080062b4        0x0
 .v4_bx         0x080062b4        0x0 linker stubs

.iplt           0x080062b4        0x0
 .iplt          0x080062b4        0x0 /opt/st/stm32cubeide_1.19.0/plugins/com.st.stm32cube.ide.mcu.externaltools.gnu-tools-for-stm32.13.3.rel1.linux64_1.0.0.202410170706/tools/bin/../lib/gcc/arm-none-eabi/13.3.1/thumb/v7e-m+fp/hard/crtbegin.o

.rodata         0x080062b4      0x12c
                0x080062b4                        . = ALIGN (0x4)
 *(.rodata)
 .rodata        0x080062b4       0x17 ./Core/Src/dcm.o
 *fill*         0x080062cb        0x1 
 .rodata        0x080062cc       0xc8 ./Core/Src/main.o
 *(.rodata*)
 .rodata.AHBPrescTable
                0x08006394       0x10 ./Core/Src/system_stm32f4xx.o
                0x08006394                AHBPrescTable
 .rodata.APBPrescTable
                0x080063a4        0x8 ./Core/Src/system_stm32f4xx.o
                0x080063a4                APBPrescTable
 .rodata._svfprintf_r.str1.1
                0x080063ac       0x33 /opt/st/stm32cubeide_1.19.0/plugins/com.st.stm32cube.ide.mcu.externaltools.gnu-tools-for-stm32.13.3.rel1.linux64_1.0.0.202410170706/tools/bin/../lib/gcc/arm-none-eabi/13.3.1/../../../../arm-none-eabi/lib/thumb/v7e-m+fp/hard/libc_nano.a(libc_a-nano-svfprintf.o)
                                 0x11 (size before relaxing)
 .rodata._printf_i.str1.1
                0x080063df       0x22 /opt/st/stm32cubeide_1.19.0/plugins/com.st.stm32cube.ide.mcu.externaltools.gnu-tools-for-stm32.13.3.rel1.linux64_1.0.0.202410170706/tools/bin/../lib/gcc/arm-none-eabi/13.3.1/../../../../arm-none-eabi/lib/thumb/v7e-m+fp/hard/libc_nano.a(libc_a-nano-vfprintf_i.o)
                0x08006404                        . = ALIGN (0x4)
 *fill*         0x080063df        0x1 

.ARM.extab      0x080063e0        0x0
                0x080063e0                        . = ALIGN (0x4)
 *(.ARM.extab* .gnu.linkonce.armextab.*)
                0x080063e0                        . = ALIGN (0x4)

.ARM            0x080063e0        0x8
                0x080063e0                        . = ALIGN (0x4)
                0x080063e0                        __exidx_start = .
 *(.ARM.exidx*)
 .ARM.exidx     0x080063e0        0x8 /opt/st/stm32cubeide_1.19.0/plugins/com.st.stm32cube.ide.mcu.externaltools.gnu-tools-for-stm32.13.3.rel1.linux64_1.0.0.202410170706/tools/bin/../lib/gcc/arm-none-eabi/13.3.1/../../../../arm-none-eabi/lib/thumb/v7e-m+fp/hard/libc_nano.a(libc_a-memchr.o)
 .ARM.exidx     0x080063e8        0x0 /opt/st/stm32cubeide_1.19.0/plugins/com.st.stm32cube.ide.mcu.externaltools.gnu-tools-for-stm32.13.3.rel1.linux64_1.0.0.202410170706/tools/bin/../lib/gcc/arm-none-eabi/13.3.1/thumb/v7e-m+fp/hard/libgcc.a(_udivmoddi4.o)
                                  0x8 (size before relaxing)
                0x080063e8                        __exidx_end = .
                0x080063e8                        . = ALIGN (0x4)

.rel.dyn        0x080063e8        0x0
 .rel.iplt      0x080063e8        0x0 /opt/st/stm32cubeide_1.19.0/plugins/com.st.stm32cube.ide.mcu.externaltools.gnu-tools-for-stm32.13.3.rel1.linux64_1.0.0.202410170706/tools/bin/../lib/gcc/arm-none-eabi/13.3.1/thumb/v7e-m+fp/hard/crtbegin.o

.preinit_array  0x080063e8        0x0
                0x080063e8                        . = ALIGN (0x4)
                0x080063e8                        PROVIDE (__preinit_array_start = .)
 *(.preinit_array*)
                0x080063e8                        PROVIDE (__preinit_array_end = .)
                0x080063e8                        . = ALIGN (0x4)

.init_array     0x080063e8        0x4
                0x080063e8                        . = ALIGN (0x4)
                0x080063e8                        PROVIDE (__init_array_start = .)
 *(SORT_BY_NAME(.init_array.*))
 *(.init_array*)
 .init_array    0x080063e8        0x4 /opt/st/stm32cubeide_1.19.0/plugins/com.st.stm32cube.ide.mcu.externaltools.gnu-tools-for-stm32.13.3.rel1.linux64_1.0.0.202410170706/tools/bin/../lib/gcc/arm-none-eabi/13.3.1/thumb/v7e-m+fp/hard/crtbegin.o
                0x080063ec                        PROVIDE (__init_array_end = .)
                0x080063ec                        . = ALIGN (0x4)

.fini_array     0x080063ec        0x4
                0x080063ec                        . = ALIGN (0x4)
                [!provide]                        PROVIDE (__fini_array_start = .)
 *(SORT_BY_NAME(.fini_array.*))
 *(.fini_array*)
 .fini_array    0x080063ec        0x4 /opt/st/stm32cubeide_1.19.0/plugins/com.st.stm32cube.ide.mcu.externaltools.gnu-tools-for-stm32.13.3.rel1.linux64_1.0.0.202410170706/tools/bin/../lib/gcc/arm-none-eabi/13.3.1/thumb/v7e-m+fp/hard/crtbegin.o
                [!provide]                        PROVIDE (__fini_array_end = .)
                0x080063f0                        . = ALIGN (0x4)
                0x080063f0                        _sidata = LOADADDR (.data)

.data           0x20000000       0x8c load address 0x080063f0
                0x20000000                        . = ALIGN (0x4)
                0x20000000                        _sdata = .
 *(.data)
 *(.data*)
 .data.SEED     0x20000000        0x6 ./Core/Src/main.o
                0x20000000                SEED
 .data.AVAILABLE_SERVICE
                0x20000006        0x2 ./Core/Src/main.o
                0x20000006                AVAILABLE_SERVICE
 .data.bufsend  0x20000008       0x28 ./Core/Src/main.o
                0x20000008                bufsend
 .data.SystemCoreClock
                0x20000030        0x4 ./Core/Src/system_stm32f4xx.o
                0x20000030                SystemCoreClock
 .data.uwTickPrio
                0x20000034        0x4 ./Drivers/STM32F4xx_HAL_Driver/Src/stm32f4xx_hal.o
                0x20000034                uwTickPrio
 .data.uwTickFreq
                0x20000038        0x1 ./Drivers/STM32F4xx_HAL_Driver/Src/stm32f4xx_hal.o
                0x20000038                uwTickFreq
 *fill*         0x20000039        0x3 
 .data._impure_ptr
                0x2000003c        0x4 /opt/st/stm32cubeide_1.19.0/plugins/com.st.stm32cube.ide.mcu.externaltools.gnu-tools-for-stm32.13.3.rel1.linux64_1.0.0.202410170706/tools/bin/../lib/gcc/arm-none-eabi/13.3.1/../../../../arm-none-eabi/lib/thumb/v7e-m+fp/hard/libc_nano.a(libc_a-impure.o)
                0x2000003c                _impure_ptr
 .data._impure_data
                0x20000040       0x4c /opt/st/stm32cubeide_1.19.0/plugins/com.st.stm32cube.ide.mcu.externaltools.gnu-tools-for-stm32.13.3.rel1.linux64_1.0.0.202410170706/tools/bin/../lib/gcc/arm-none-eabi/13.3.1/../../../../arm-none-eabi/lib/thumb/v7e-m+fp/hard/libc_nano.a(libc_a-impure.o)
                0x20000040                _impure_data
 *(.RamFunc)
 *(.RamFunc*)
                0x2000008c                        . = ALIGN (0x4)
                0x2000008c                        _edata = .
                0x0800647c                        _siccmram = LOADADDR (.ccmram)

.igot.plt       0x2000008c        0x0 load address 0x0800647c
 .igot.plt      0x2000008c        0x0 /opt/st/stm32cubeide_1.19.0/plugins/com.st.stm32cube.ide.mcu.externaltools.gnu-tools-for-stm32.13.3.rel1.linux64_1.0.0.202410170706/tools/bin/../lib/gcc/arm-none-eabi/13.3.1/thumb/v7e-m+fp/hard/crtbegin.o

.ccmram         0x10000000        0x0 load address 0x0800647c
                0x10000000                        . = ALIGN (0x4)
                0x10000000                        _sccmram = .
 *(.ccmram)
 *(.ccmram*)
                0x10000000                        . = ALIGN (0x4)
                0x10000000                        _eccmram = .
                0x10000000                        . = ALIGN (0x4)

.bss            0x2000008c     0x3364
                0x2000008c                        _sbss = .
                0x2000008c                        __bss_start__ = _sbss
 *(.bss)
 .bss           0x2000008c       0x1c /opt/st/stm32cubeide_1.19.0/plugins/com.st.stm32cube.ide.mcu.externaltools.gnu-tools-for-stm32.13.3.rel1.linux64_1.0.0.202410170706/tools/bin/../lib/gcc/arm-none-eabi/13.3.1/thumb/v7e-m+fp/hard/crtbegin.o
 *(.bss*)
 .bss.iso_tp_rx_buffer
                0x200000a8     0x1000 ./Core/Src/iso_tp.o
                0x200000a8                iso_tp_rx_buffer
 .bss.iso_tp_tx_buffer
                0x200010a8     0x1000 ./Core/Src/iso_tp.o
                0x200010a8                iso_tp_tx_buffer
 .bss.iso_tp_rx_index
                0x200020a8        0x2 ./Core/Src/iso_tp.o
                0x200020a8                iso_tp_rx_index
 .bss.iso_tp_tx_len
                0x200020aa        0x2 ./Core/Src/iso_tp.o
                0x200020aa                iso_tp_tx_len
 .bss.iso_tp_tx_index
                0x200020ac        0x2 ./Core/Src/iso_tp.o
                0x200020ac                iso_tp_tx_index
 .bss.iso_tp_sn
                0x200020ae        0x1 ./Core/Src/iso_tp.o
                0x200020ae                iso_tp_sn
 .bss.iso_tp_state
                0x200020af        0x1 ./Core/Src/iso_tp.o
                0x200020af                iso_tp_state
 .bss.iso_tp_timer_start
                0x200020b0        0x4 ./Core/Src/iso_tp.o
                0x200020b0                iso_tp_timer_start
 .bss.iso_tp_timeout_value
                0x200020b4        0x4 ./Core/Src/iso_tp.o
                0x200020b4                iso_tp_timeout_value
 .bss.hcan1     0x200020b8       0x28 ./Core/Src/main.o
                0x200020b8                hcan1
 .bss.hcan2     0x200020e0       0x28 ./Core/Src/main.o
                0x200020e0                hcan2
 .bss.htim3     0x20002108       0x48 ./Core/Src/main.o
                0x20002108                htim3
 .bss.huart3    0x20002150       0x48 ./Core/Src/main.o
                0x20002150                huart3
 .bss.CAN1_pHeader
                0x20002198       0x18 ./Core/Src/main.o
                0x20002198                CAN1_pHeader
 .bss.CAN1_pHeaderRx
                0x200021b0       0x1c ./Core/Src/main.o
                0x200021b0                CAN1_pHeaderRx
 .bss.CAN1_sFilterConfig
                0x200021cc       0x28 ./Core/Src/main.o
                0x200021cc                CAN1_sFilterConfig
 .bss.CAN2_pHeader
                0x200021f4       0x18 ./Core/Src/main.o
                0x200021f4                CAN2_pHeader
 .bss.CAN2_pHeaderRx
                0x2000220c       0x1c ./Core/Src/main.o
                0x2000220c                CAN2_pHeaderRx
 .bss.CAN2_sFilterConfig
                0x20002228       0x28 ./Core/Src/main.o
                0x20002228                CAN2_sFilterConfig
 .bss.CAN1_pTxMailbox
                0x20002250        0x4 ./Core/Src/main.o
                0x20002250                CAN1_pTxMailbox
 .bss.CAN2_pTxMailbox
                0x20002254        0x4 ./Core/Src/main.o
                0x20002254                CAN2_pTxMailbox
 .bss.NumBytesReq
                0x20002258        0x2 ./Core/Src/main.o
                0x20002258                NumBytesReq
 *fill*         0x2000225a        0x2 
 .bss.REQ_BUFFER
                0x2000225c     0x1000 ./Core/Src/main.o
                0x2000225c                REQ_BUFFER
 .bss.REQ_1BYTE_DATA
                0x2000325c        0x1 ./Core/Src/main.o
                0x2000325c                REQ_1BYTE_DATA
 *fill*         0x2000325d        0x3 
 .bss.KEY       0x20003260        0x6 ./Core/Src/main.o
                0x20003260                KEY
 *fill*         0x20003266        0x2 
 .bss.CAN1_DATA_TX
                0x20003268        0x8 ./Core/Src/main.o
                0x20003268                CAN1_DATA_TX
 .bss.CAN1_DATA_RX
                0x20003270        0x8 ./Core/Src/main.o
                0x20003270                CAN1_DATA_RX
 .bss.CAN2_DATA_TX
                0x20003278        0x8 ./Core/Src/main.o
                0x20003278                CAN2_DATA_TX
 .bss.CAN2_DATA_RX
                0x20003280        0x8 ./Core/Src/main.o
                0x20003280                CAN2_DATA_RX
 .bss.check     0x20003288        0x1 ./Core/Src/main.o
                0x20003288                check
 *fill*         0x20003289        0x3 
 .bss.TimeStamp
                0x2000328c        0x4 ./Core/Src/main.o
                0x2000328c                TimeStamp
 .bss.SecurityUnlocked
                0x20003290        0x1 ./Core/Src/main.o
                0x20003290                SecurityUnlocked
 .bss.SeedProvided
                0x20003291        0x1 ./Core/Src/main.o
                0x20003291                SeedProvided
 *fill*         0x20003292        0x2 
 .bss.newStdID  0x20003294        0x4 ./Core/Src/main.o
                0x20003294                newStdID
 .bss.iso_tp_rx_len
                0x20003298        0x2 ./Core/Src/main.o
                0x20003298                iso_tp_rx_len
 *fill*         0x2000329a        0x2 
 .bss.HAL_RCC_CAN1_CLK_ENABLED
                0x2000329c        0x4 ./Core/Src/stm32f4xx_hal_msp.o
 .bss.__sbrk_heap_end
                0x200032a0        0x4 ./Core/Src/sysmem.o
 .bss.uwTick    0x200032a4        0x4 ./Drivers/STM32F4xx_HAL_Driver/Src/stm32f4xx_hal.o
                0x200032a4                uwTick
 .bss.__sf      0x200032a8      0x138 /opt/st/stm32cubeide_1.19.0/plugins/com.st.stm32cube.ide.mcu.externaltools.gnu-tools-for-stm32.13.3.rel1.linux64_1.0.0.202410170706/tools/bin/../lib/gcc/arm-none-eabi/13.3.1/../../../../arm-none-eabi/lib/thumb/v7e-m+fp/hard/libc_nano.a(libc_a-findfp.o)
                0x200032a8                __sf
 .bss.errno     0x200033e0        0x4 /opt/st/stm32cubeide_1.19.0/plugins/com.st.stm32cube.ide.mcu.externaltools.gnu-tools-for-stm32.13.3.rel1.linux64_1.0.0.202410170706/tools/bin/../lib/gcc/arm-none-eabi/13.3.1/../../../../arm-none-eabi/lib/thumb/v7e-m+fp/hard/libc_nano.a(libc_a-reent.o)
                0x200033e0                errno
 .bss.__lock___malloc_recursive_mutex
                0x200033e4        0x1 /opt/st/stm32cubeide_1.19.0/plugins/com.st.stm32cube.ide.mcu.externaltools.gnu-tools-for-stm32.13.3.rel1.linux64_1.0.0.202410170706/tools/bin/../lib/gcc/arm-none-eabi/13.3.1/../../../../arm-none-eabi/lib/thumb/v7e-m+fp/hard/libc_nano.a(libc_a-lock.o)
                0x200033e4                __lock___malloc_recursive_mutex
 *fill*         0x200033e5        0x3 
 .bss.__malloc_sbrk_start
                0x200033e8        0x4 /opt/st/stm32cubeide_1.19.0/plugins/com.st.stm32cube.ide.mcu.externaltools.gnu-tools-for-stm32.13.3.rel1.linux64_1.0.0.202410170706/tools/bin/../lib/gcc/arm-none-eabi/13.3.1/../../../../arm-none-eabi/lib/thumb/v7e-m+fp/hard/libc_nano.a(libc_a-mallocr.o)
                0x200033e8                __malloc_sbrk_start
 .bss.__malloc_free_list
                0x200033ec        0x4 /opt/st/stm32cubeide_1.19.0/plugins/com.st.stm32cube.ide.mcu.externaltools.gnu-tools-for-stm32.13.3.rel1.linux64_1.0.0.202410170706/tools/bin/../lib/gcc/arm-none-eabi/13.3.1/../../../../arm-none-eabi/lib/thumb/v7e-m+fp/hard/libc_nano.a(libc_a-mallocr.o)
                0x200033ec                __malloc_free_list
 *(COMMON)
                0x200033f0                        . = ALIGN (0x4)
                0x200033f0                        _ebss = .
                0x200033f0                        __bss_end__ = _ebss

._user_heap_stack
                0x200033f0      0x600
                0x200033f0                        . = ALIGN (0x8)
                [!provide]                        PROVIDE (end = .)
                0x200033f0                        PROVIDE (_end = .)
                0x200035f0                        . = (. + _Min_Heap_Size)
 *fill*         0x200033f0      0x200 
                0x200039f0                        . = (. + _Min_Stack_Size)
 *fill*         0x200035f0      0x400 
                0x200039f0                        . = ALIGN (0x8)

/DISCARD/
 libc.a(*)
 libm.a(*)
 libgcc.a(*)

.ARM.attributes
                0x00000000       0x30
 *(.ARM.attributes)
 .ARM.attributes
                0x00000000       0x22 /opt/st/stm32cubeide_1.19.0/plugins/com.st.stm32cube.ide.mcu.externaltools.gnu-tools-for-stm32.13.3.rel1.linux64_1.0.0.202410170706/tools/bin/../lib/gcc/arm-none-eabi/13.3.1/thumb/v7e-m+fp/hard/crti.o
 .ARM.attributes
                0x00000022       0x34 /opt/st/stm32cubeide_1.19.0/plugins/com.st.stm32cube.ide.mcu.externaltools.gnu-tools-for-stm32.13.3.rel1.linux64_1.0.0.202410170706/tools/bin/../lib/gcc/arm-none-eabi/13.3.1/thumb/v7e-m+fp/hard/crtbegin.o
 .ARM.attributes
                0x00000056       0x34 ./Core/Src/dcm.o
 .ARM.attributes
                0x0000008a       0x34 ./Core/Src/dcm_rdbi.o
 .ARM.attributes
                0x000000be       0x34 ./Core/Src/dcm_seca.o
 .ARM.attributes
                0x000000f2       0x34 ./Core/Src/dcm_wdbi.o
 .ARM.attributes
                0x00000126       0x34 ./Core/Src/iso_tp.o
 .ARM.attributes
                0x0000015a       0x34 ./Core/Src/main.o
 .ARM.attributes
                0x0000018e       0x34 ./Core/Src/stm32f4xx_hal_msp.o
 .ARM.attributes
                0x000001c2       0x34 ./Core/Src/stm32f4xx_it.o
 .ARM.attributes
                0x000001f6       0x34 ./Core/Src/sysmem.o
 .ARM.attributes
                0x0000022a       0x34 ./Core/Src/system_stm32f4xx.o
 .ARM.attributes
                0x0000025e       0x21 ./Core/Startup/startup_stm32f405rgtx.o
 .ARM.attributes
                0x0000027f       0x34 ./Drivers/STM32F4xx_HAL_Driver/Src/stm32f4xx_hal.o
 .ARM.attributes
                0x000002b3       0x34 ./Drivers/STM32F4xx_HAL_Driver/Src/stm32f4xx_hal_can.o
 .ARM.attributes
                0x000002e7       0x34 ./Drivers/STM32F4xx_HAL_Driver/Src/stm32f4xx_hal_cortex.o
 .ARM.attributes
                0x0000031b       0x34 ./Drivers/STM32F4xx_HAL_Driver/Src/stm32f4xx_hal_dma.o
 .ARM.attributes
                0x0000034f       0x34 ./Drivers/STM32F4xx_HAL_Driver/Src/stm32f4xx_hal_gpio.o
 .ARM.attributes
                0x00000383       0x34 ./Drivers/STM32F4xx_HAL_Driver/Src/stm32f4xx_hal_rcc.o
 .ARM.attributes
                0x000003b7       0x34 ./Drivers/STM32F4xx_HAL_Driver/Src/stm32f4xx_hal_tim.o
 .ARM.attributes
                0x000003eb       0x34 ./Drivers/STM32F4xx_HAL_Driver/Src/stm32f4xx_hal_tim_ex.o
 .ARM.attributes
                0x0000041f       0x34 ./Drivers/STM32F4xx_HAL_Driver/Src/stm32f4xx_hal_uart.o
 .ARM.attributes
                0x00000453       0x34 /opt/st/stm32cubeide_1.19.0/plugins/com.st.stm32cube.ide.mcu.externaltools.gnu-tools-for-stm32.13.3.rel1.linux64_1.0.0.202410170706/tools/bin/../lib/gcc/arm-none-eabi/13.3.1/../../../../arm-none-eabi/lib/thumb/v7e-m+fp/hard/libc_nano.a(libc_a-findfp.o)
 .ARM.attributes
                0x00000487       0x34 /opt/st/stm32cubeide_1.19.0/plugins/com.st.stm32cube.ide.mcu.externaltools.gnu-tools-for-stm32.13.3.rel1.linux64_1.0.0.202410170706/tools/bin/../lib/gcc/arm-none-eabi/13.3.1/../../../../arm-none-eabi/lib/thumb/v7e-m+fp/hard/libc_nano.a(libc_a-sprintf.o)
 .ARM.attributes
                0x000004bb       0x34 /opt/st/stm32cubeide_1.19.0/plugins/com.st.stm32cube.ide.mcu.externaltools.gnu-tools-for-stm32.13.3.rel1.linux64_1.0.0.202410170706/tools/bin/../lib/gcc/arm-none-eabi/13.3.1/../../../../arm-none-eabi/lib/thumb/v7e-m+fp/hard/libc_nano.a(libc_a-memset.o)
 .ARM.attributes
                0x000004ef       0x34 /opt/st/stm32cubeide_1.19.0/plugins/com.st.stm32cube.ide.mcu.externaltools.gnu-tools-for-stm32.13.3.rel1.linux64_1.0.0.202410170706/tools/bin/../lib/gcc/arm-none-eabi/13.3.1/../../../../arm-none-eabi/lib/thumb/v7e-m+fp/hard/libc_nano.a(libc_a-reent.o)
 .ARM.attributes
                0x00000523       0x34 /opt/st/stm32cubeide_1.19.0/plugins/com.st.stm32cube.ide.mcu.externaltools.gnu-tools-for-stm32.13.3.rel1.linux64_1.0.0.202410170706/tools/bin/../lib/gcc/arm-none-eabi/13.3.1/../../../../arm-none-eabi/lib/thumb/v7e-m+fp/hard/libc_nano.a(libc_a-impure.o)
 .ARM.attributes
                0x00000557       0x34 /opt/st/stm32cubeide_1.19.0/plugins/com.st.stm32cube.ide.mcu.externaltools.gnu-tools-for-stm32.13.3.rel1.linux64_1.0.0.202410170706/tools/bin/../lib/gcc/arm-none-eabi/13.3.1/../../../../arm-none-eabi/lib/thumb/v7e-m+fp/hard/libc_nano.a(libc_a-errno.o)
 .ARM.attributes
                0x0000058b       0x34 /opt/st/stm32cubeide_1.19.0/plugins/com.st.stm32cube.ide.mcu.externaltools.gnu-tools-for-stm32.13.3.rel1.linux64_1.0.0.202410170706/tools/bin/../lib/gcc/arm-none-eabi/13.3.1/../../../../arm-none-eabi/lib/thumb/v7e-m+fp/hard/libc_nano.a(libc_a-init.o)
 .ARM.attributes
                0x000005bf       0x34 /opt/st/stm32cubeide_1.19.0/plugins/com.st.stm32cube.ide.mcu.externaltools.gnu-tools-for-stm32.13.3.rel1.linux64_1.0.0.202410170706/tools/bin/../lib/gcc/arm-none-eabi/13.3.1/../../../../arm-none-eabi/lib/thumb/v7e-m+fp/hard/libc_nano.a(libc_a-lock.o)
 .ARM.attributes
                0x000005f3       0x34 /opt/st/stm32cubeide_1.19.0/plugins/com.st.stm32cube.ide.mcu.externaltools.gnu-tools-for-stm32.13.3.rel1.linux64_1.0.0.202410170706/tools/bin/../lib/gcc/arm-none-eabi/13.3.1/../../../../arm-none-eabi/lib/thumb/v7e-m+fp/hard/libc_nano.a(libc_a-memcpy-stub.o)
 .ARM.attributes
                0x00000627       0x34 /opt/st/stm32cubeide_1.19.0/plugins/com.st.stm32cube.ide.mcu.externaltools.gnu-tools-for-stm32.13.3.rel1.linux64_1.0.0.202410170706/tools/bin/../lib/gcc/arm-none-eabi/13.3.1/../../../../arm-none-eabi/lib/thumb/v7e-m+fp/hard/libc_nano.a(libc_a-freer.o)
 .ARM.attributes
                0x0000065b       0x34 /opt/st/stm32cubeide_1.19.0/plugins/com.st.stm32cube.ide.mcu.externaltools.gnu-tools-for-stm32.13.3.rel1.linux64_1.0.0.202410170706/tools/bin/../lib/gcc/arm-none-eabi/13.3.1/../../../../arm-none-eabi/lib/thumb/v7e-m+fp/hard/libc_nano.a(libc_a-mallocr.o)
 .ARM.attributes
                0x0000068f       0x34 /opt/st/stm32cubeide_1.19.0/plugins/com.st.stm32cube.ide.mcu.externaltools.gnu-tools-for-stm32.13.3.rel1.linux64_1.0.0.202410170706/tools/bin/../lib/gcc/arm-none-eabi/13.3.1/../../../../arm-none-eabi/lib/thumb/v7e-m+fp/hard/libc_nano.a(libc_a-mlock.o)
 .ARM.attributes
                0x000006c3       0x34 /opt/st/stm32cubeide_1.19.0/plugins/com.st.stm32cube.ide.mcu.externaltools.gnu-tools-for-stm32.13.3.rel1.linux64_1.0.0.202410170706/tools/bin/../lib/gcc/arm-none-eabi/13.3.1/../../../../arm-none-eabi/lib/thumb/v7e-m+fp/hard/libc_nano.a(libc_a-nano-svfprintf.o)
 .ARM.attributes
                0x000006f7       0x34 /opt/st/stm32cubeide_1.19.0/plugins/com.st.stm32cube.ide.mcu.externaltools.gnu-tools-for-stm32.13.3.rel1.linux64_1.0.0.202410170706/tools/bin/../lib/gcc/arm-none-eabi/13.3.1/../../../../arm-none-eabi/lib/thumb/v7e-m+fp/hard/libc_nano.a(libc_a-nano-vfprintf_i.o)
 .ARM.attributes
                0x0000072b       0x34 /opt/st/stm32cubeide_1.19.0/plugins/com.st.stm32cube.ide.mcu.externaltools.gnu-tools-for-stm32.13.3.rel1.linux64_1.0.0.202410170706/tools/bin/../lib/gcc/arm-none-eabi/13.3.1/../../../../arm-none-eabi/lib/thumb/v7e-m+fp/hard/libc_nano.a(libc_a-memmove.o)
 .ARM.attributes
                0x0000075f       0x34 /opt/st/stm32cubeide_1.19.0/plugins/com.st.stm32cube.ide.mcu.externaltools.gnu-tools-for-stm32.13.3.rel1.linux64_1.0.0.202410170706/tools/bin/../lib/gcc/arm-none-eabi/13.3.1/../../../../arm-none-eabi/lib/thumb/v7e-m+fp/hard/libc_nano.a(libc_a-sbrkr.o)
 .ARM.attributes
                0x00000793       0x1c /opt/st/stm32cubeide_1.19.0/plugins/com.st.stm32cube.ide.mcu.externaltools.gnu-tools-for-stm32.13.3.rel1.linux64_1.0.0.202410170706/tools/bin/../lib/gcc/arm-none-eabi/13.3.1/../../../../arm-none-eabi/lib/thumb/v7e-m+fp/hard/libc_nano.a(libc_a-memchr.o)
 .ARM.attributes
                0x000007af       0x34 /opt/st/stm32cubeide_1.19.0/plugins/com.st.stm32cube.ide.mcu.externaltools.gnu-tools-for-stm32.13.3.rel1.linux64_1.0.0.202410170706/tools/bin/../lib/gcc/arm-none-eabi/13.3.1/../../../../arm-none-eabi/lib/thumb/v7e-m+fp/hard/libc_nano.a(libc_a-reallocr.o)
 .ARM.attributes
                0x000007e3       0x34 /opt/st/stm32cubeide_1.19.0/plugins/com.st.stm32cube.ide.mcu.externaltools.gnu-tools-for-stm32.13.3.rel1.linux64_1.0.0.202410170706/tools/bin/../lib/gcc/arm-none-eabi/13.3.1/../../../../arm-none-eabi/lib/thumb/v7e-m+fp/hard/libc_nano.a(libc_a-msizer.o)
 .ARM.attributes
                0x00000817       0x22 /opt/st/stm32cubeide_1.19.0/plugins/com.st.stm32cube.ide.mcu.externaltools.gnu-tools-for-stm32.13.3.rel1.linux64_1.0.0.202410170706/tools/bin/../lib/gcc/arm-none-eabi/13.3.1/thumb/v7e-m+fp/hard/libgcc.a(_aeabi_uldivmod.o)
 .ARM.attributes
                0x00000839       0x34 /opt/st/stm32cubeide_1.19.0/plugins/com.st.stm32cube.ide.mcu.externaltools.gnu-tools-for-stm32.13.3.rel1.linux64_1.0.0.202410170706/tools/bin/../lib/gcc/arm-none-eabi/13.3.1/thumb/v7e-m+fp/hard/libgcc.a(_udivmoddi4.o)
 .ARM.attributes
                0x0000086d       0x22 /opt/st/stm32cubeide_1.19.0/plugins/com.st.stm32cube.ide.mcu.externaltools.gnu-tools-for-stm32.13.3.rel1.linux64_1.0.0.202410170706/tools/bin/../lib/gcc/arm-none-eabi/13.3.1/thumb/v7e-m+fp/hard/libgcc.a(_dvmd_tls.o)
 .ARM.attributes
                0x0000088f       0x22 /opt/st/stm32cubeide_1.19.0/plugins/com.st.stm32cube.ide.mcu.externaltools.gnu-tools-for-stm32.13.3.rel1.linux64_1.0.0.202410170706/tools/bin/../lib/gcc/arm-none-eabi/13.3.1/thumb/v7e-m+fp/hard/crtn.o
OUTPUT(BEA_HUST_2025.elf elf32-littlearm)
LOAD linker stubs
LOAD /opt/st/stm32cubeide_1.19.0/plugins/com.st.stm32cube.ide.mcu.externaltools.gnu-tools-for-stm32.13.3.rel1.linux64_1.0.0.202410170706/tools/bin/../lib/gcc/arm-none-eabi/13.3.1/../../../../arm-none-eabi/lib/thumb/v7e-m+fp/hard/libc.a
LOAD /opt/st/stm32cubeide_1.19.0/plugins/com.st.stm32cube.ide.mcu.externaltools.gnu-tools-for-stm32.13.3.rel1.linux64_1.0.0.202410170706/tools/bin/../lib/gcc/arm-none-eabi/13.3.1/../../../../arm-none-eabi/lib/thumb/v7e-m+fp/hard/libm.a
LOAD /opt/st/stm32cubeide_1.19.0/plugins/com.st.stm32cube.ide.mcu.externaltools.gnu-tools-for-stm32.13.3.rel1.linux64_1.0.0.202410170706/tools/bin/../lib/gcc/arm-none-eabi/13.3.1/thumb/v7e-m+fp/hard/libgcc.a

.debug_info     0x00000000    0x10e10
 .debug_info    0x00000000      0x170 ./Core/Src/dcm.o
 .debug_info    0x00000170      0x237 ./Core/Src/dcm_rdbi.o
 .debug_info    0x000003a7      0x8f2 ./Core/Src/dcm_seca.o
 .debug_info    0x00000c99      0x1c2 ./Core/Src/dcm_wdbi.o
 .debug_info    0x00000e5b      0xa32 ./Core/Src/iso_tp.o
 .debug_info    0x0000188d     0x1fe6 ./Core/Src/main.o
 .debug_info    0x00003873     0x13c5 ./Core/Src/stm32f4xx_hal_msp.o
 .debug_info    0x00004c38      0xf49 ./Core/Src/stm32f4xx_it.o
 .debug_info    0x00005b81      0x168 ./Core/Src/sysmem.o
 .debug_info    0x00005ce9      0x512 ./Core/Src/system_stm32f4xx.o
 .debug_info    0x000061fb       0x30 ./Core/Startup/startup_stm32f405rgtx.o
 .debug_info    0x0000622b      0x932 ./Drivers/STM32F4xx_HAL_Driver/Src/stm32f4xx_hal.o
 .debug_info    0x00006b5d      0xf4c ./Drivers/STM32F4xx_HAL_Driver/Src/stm32f4xx_hal_can.o
 .debug_info    0x00007aa9      0xd45 ./Drivers/STM32F4xx_HAL_Driver/Src/stm32f4xx_hal_cortex.o
 .debug_info    0x000087ee      0x8e7 ./Drivers/STM32F4xx_HAL_Driver/Src/stm32f4xx_hal_dma.o
 .debug_info    0x000090d5      0x6c3 ./Drivers/STM32F4xx_HAL_Driver/Src/stm32f4xx_hal_gpio.o
 .debug_info    0x00009798      0x8b1 ./Drivers/STM32F4xx_HAL_Driver/Src/stm32f4xx_hal_rcc.o
 .debug_info    0x0000a049     0x299d ./Drivers/STM32F4xx_HAL_Driver/Src/stm32f4xx_hal_tim.o
 .debug_info    0x0000c9e6     0x14db ./Drivers/STM32F4xx_HAL_Driver/Src/stm32f4xx_hal_tim_ex.o
 .debug_info    0x0000dec1     0x2f4f ./Drivers/STM32F4xx_HAL_Driver/Src/stm32f4xx_hal_uart.o

.debug_abbrev   0x00000000     0x2836
 .debug_abbrev  0x00000000       0xc2 ./Core/Src/dcm.o
 .debug_abbrev  0x000000c2      0x124 ./Core/Src/dcm_rdbi.o
 .debug_abbrev  0x000001e6      0x1e3 ./Core/Src/dcm_seca.o
 .debug_abbrev  0x000003c9       0xdc ./Core/Src/dcm_wdbi.o
 .debug_abbrev  0x000004a5      0x2d0 ./Core/Src/iso_tp.o
 .debug_abbrev  0x00000775      0x3c1 ./Core/Src/main.o
 .debug_abbrev  0x00000b36      0x252 ./Core/Src/stm32f4xx_hal_msp.o
 .debug_abbrev  0x00000d88      0x23c ./Core/Src/stm32f4xx_it.o
 .debug_abbrev  0x00000fc4       0xbc ./Core/Src/sysmem.o
 .debug_abbrev  0x00001080      0x11a ./Core/Src/system_stm32f4xx.o
 .debug_abbrev  0x0000119a       0x24 ./Core/Startup/startup_stm32f405rgtx.o
 .debug_abbrev  0x000011be      0x214 ./Drivers/STM32F4xx_HAL_Driver/Src/stm32f4xx_hal.o
 .debug_abbrev  0x000013d2      0x245 ./Drivers/STM32F4xx_HAL_Driver/Src/stm32f4xx_hal_can.o
 .debug_abbrev  0x00001617      0x328 ./Drivers/STM32F4xx_HAL_Driver/Src/stm32f4xx_hal_cortex.o
 .debug_abbrev  0x0000193f      0x264 ./Drivers/STM32F4xx_HAL_Driver/Src/stm32f4xx_hal_dma.o
 .debug_abbrev  0x00001ba3      0x1d4 ./Drivers/STM32F4xx_HAL_Driver/Src/stm32f4xx_hal_gpio.o
 .debug_abbrev  0x00001d77      0x2b6 ./Drivers/STM32F4xx_HAL_Driver/Src/stm32f4xx_hal_rcc.o
 .debug_abbrev  0x0000202d      0x278 ./Drivers/STM32F4xx_HAL_Driver/Src/stm32f4xx_hal_tim.o
 .debug_abbrev  0x000022a5      0x283 ./Drivers/STM32F4xx_HAL_Driver/Src/stm32f4xx_hal_tim_ex.o
 .debug_abbrev  0x00002528      0x30e ./Drivers/STM32F4xx_HAL_Driver/Src/stm32f4xx_hal_uart.o

.debug_aranges  0x00000000      0xf08
 .debug_aranges
                0x00000000       0x20 ./Core/Src/dcm.o
 .debug_aranges
                0x00000020       0x20 ./Core/Src/dcm_rdbi.o
 .debug_aranges
                0x00000040       0x20 ./Core/Src/dcm_seca.o
 .debug_aranges
                0x00000060       0x20 ./Core/Src/dcm_wdbi.o
 .debug_aranges
                0x00000080       0x70 ./Core/Src/iso_tp.o
 .debug_aranges
                0x000000f0       0xd8 ./Core/Src/main.o
 .debug_aranges
                0x000001c8       0x50 ./Core/Src/stm32f4xx_hal_msp.o
 .debug_aranges
                0x00000218       0x88 ./Core/Src/stm32f4xx_it.o
 .debug_aranges
                0x000002a0       0x20 ./Core/Src/sysmem.o
 .debug_aranges
                0x000002c0       0x28 ./Core/Src/system_stm32f4xx.o
 .debug_aranges
                0x000002e8       0x28 ./Core/Startup/startup_stm32f405rgtx.o
 .debug_aranges
                0x00000310       0xf0 ./Drivers/STM32F4xx_HAL_Driver/Src/stm32f4xx_hal.o
 .debug_aranges
                0x00000400      0x138 ./Drivers/STM32F4xx_HAL_Driver/Src/stm32f4xx_hal_can.o
 .debug_aranges
                0x00000538      0x120 ./Drivers/STM32F4xx_HAL_Driver/Src/stm32f4xx_hal_cortex.o
 .debug_aranges
                0x00000658       0x90 ./Drivers/STM32F4xx_HAL_Driver/Src/stm32f4xx_hal_dma.o
 .debug_aranges
                0x000006e8       0x58 ./Drivers/STM32F4xx_HAL_Driver/Src/stm32f4xx_hal_gpio.o
 .debug_aranges
                0x00000740       0x88 ./Drivers/STM32F4xx_HAL_Driver/Src/stm32f4xx_hal_rcc.o
 .debug_aranges
                0x000007c8      0x3d0 ./Drivers/STM32F4xx_HAL_Driver/Src/stm32f4xx_hal_tim.o
 .debug_aranges
                0x00000b98      0x168 ./Drivers/STM32F4xx_HAL_Driver/Src/stm32f4xx_hal_tim_ex.o
 .debug_aranges
                0x00000d00      0x208 ./Drivers/STM32F4xx_HAL_Driver/Src/stm32f4xx_hal_uart.o

.debug_rnglists
                0x00000000      0xbcd
 .debug_rnglists
                0x00000000       0x14 ./Core/Src/dcm.o
 .debug_rnglists
                0x00000014       0x14 ./Core/Src/dcm_rdbi.o
 .debug_rnglists
                0x00000028       0x14 ./Core/Src/dcm_seca.o
 .debug_rnglists
                0x0000003c       0x14 ./Core/Src/dcm_wdbi.o
 .debug_rnglists
                0x00000050       0x76 ./Core/Src/iso_tp.o
 .debug_rnglists
                0x000000c6       0xa5 ./Core/Src/main.o
 .debug_rnglists
                0x0000016b       0x3a ./Core/Src/stm32f4xx_hal_msp.o
 .debug_rnglists
                0x000001a5       0x61 ./Core/Src/stm32f4xx_it.o
 .debug_rnglists
                0x00000206       0x13 ./Core/Src/sysmem.o
 .debug_rnglists
                0x00000219       0x1a ./Core/Src/system_stm32f4xx.o
 .debug_rnglists
                0x00000233       0x19 ./Core/Startup/startup_stm32f405rgtx.o
 .debug_rnglists
                0x0000024c       0xaf ./Drivers/STM32F4xx_HAL_Driver/Src/stm32f4xx_hal.o
 .debug_rnglists
                0x000002fb       0xee ./Drivers/STM32F4xx_HAL_Driver/Src/stm32f4xx_hal_can.o
 .debug_rnglists
                0x000003e9       0xd4 ./Drivers/STM32F4xx_HAL_Driver/Src/stm32f4xx_hal_cortex.o
 .debug_rnglists
                0x000004bd       0x70 ./Drivers/STM32F4xx_HAL_Driver/Src/stm32f4xx_hal_dma.o
 .debug_rnglists
                0x0000052d       0x3f ./Drivers/STM32F4xx_HAL_Driver/Src/stm32f4xx_hal_gpio.o
 .debug_rnglists
                0x0000056c       0x66 ./Drivers/STM32F4xx_HAL_Driver/Src/stm32f4xx_hal_rcc.o
 .debug_rnglists
                0x000005d2      0x31a ./Drivers/STM32F4xx_HAL_Driver/Src/stm32f4xx_hal_tim.o
 .debug_rnglists
                0x000008ec      0x125 ./Drivers/STM32F4xx_HAL_Driver/Src/stm32f4xx_hal_tim_ex.o
 .debug_rnglists
                0x00000a11      0x1bc ./Drivers/STM32F4xx_HAL_Driver/Src/stm32f4xx_hal_uart.o

.debug_macro    0x00000000    0x20e8a
 .debug_macro   0x00000000      0x367 ./Core/Src/dcm.o
 .debug_macro   0x00000367      0xad8 ./Core/Src/dcm.o
 .debug_macro   0x00000e3f      0x2a1 ./Core/Src/dcm.o
 .debug_macro   0x000010e0       0x2e ./Core/Src/dcm.o
 .debug_macro   0x0000110e       0x2f ./Core/Src/dcm.o
 .debug_macro   0x0000113d       0x22 ./Core/Src/dcm.o
 .debug_macro   0x0000115f       0x8e ./Core/Src/dcm.o
 .debug_macro   0x000011ed       0x51 ./Core/Src/dcm.o
 .debug_macro   0x0000123e      0x103 ./Core/Src/dcm.o
 .debug_macro   0x00001341       0x6a ./Core/Src/dcm.o
 .debug_macro   0x000013ab      0x1df ./Core/Src/dcm.o
 .debug_macro   0x0000158a       0x1c ./Core/Src/dcm.o
 .debug_macro   0x000015a6       0x22 ./Core/Src/dcm.o
 .debug_macro   0x000015c8       0xfb ./Core/Src/dcm.o
 .debug_macro   0x000016c3     0x1011 ./Core/Src/dcm.o
 .debug_macro   0x000026d4      0x11f ./Core/Src/dcm.o
 .debug_macro   0x000027f3    0x1426d ./Core/Src/dcm.o
 .debug_macro   0x00016a60       0x6d ./Core/Src/dcm.o
 .debug_macro   0x00016acd     0x368c ./Core/Src/dcm.o
 .debug_macro   0x0001a159      0x190 ./Core/Src/dcm.o
 .debug_macro   0x0001a2e9       0x5c ./Core/Src/dcm.o
 .debug_macro   0x0001a345      0x8bc ./Core/Src/dcm.o
 .debug_macro   0x0001ac01      0x9e9 ./Core/Src/dcm.o
 .debug_macro   0x0001b5ea      0x115 ./Core/Src/dcm.o
 .debug_macro   0x0001b6ff      0x130 ./Core/Src/dcm.o
 .debug_macro   0x0001b82f       0xa5 ./Core/Src/dcm.o
 .debug_macro   0x0001b8d4      0x174 ./Core/Src/dcm.o
 .debug_macro   0x0001ba48      0x287 ./Core/Src/dcm.o
 .debug_macro   0x0001bccf       0x5f ./Core/Src/dcm.o
 .debug_macro   0x0001bd2e      0x236 ./Core/Src/dcm.o
 .debug_macro   0x0001bf64      0x40f ./Core/Src/dcm.o
 .debug_macro   0x0001c373      0x12c ./Core/Src/dcm.o
 .debug_macro   0x0001c49f      0x21e ./Core/Src/dcm.o
 .debug_macro   0x0001c6bd       0x2e ./Core/Src/dcm.o
 .debug_macro   0x0001c6eb      0x127 ./Core/Src/dcm.o
 .debug_macro   0x0001c812       0x7e ./Core/Src/dcm.o
 .debug_macro   0x0001c890       0x89 ./Core/Src/dcm.o
 .debug_macro   0x0001c919      0x8ed ./Core/Src/dcm.o
 .debug_macro   0x0001d206       0x4d ./Core/Src/dcm.o
 .debug_macro   0x0001d253      0x2aa ./Core/Src/dcm.o
 .debug_macro   0x0001d4fd      0x12d ./Core/Src/dcm.o
 .debug_macro   0x0001d62a       0x61 ./Core/Src/dcm.o
 .debug_macro   0x0001d68b       0x2a ./Core/Src/dcm.o
 .debug_macro   0x0001d6b5       0x43 ./Core/Src/dcm.o
 .debug_macro   0x0001d6f8       0x34 ./Core/Src/dcm.o
 .debug_macro   0x0001d72c       0x16 ./Core/Src/dcm.o
 .debug_macro   0x0001d742       0x3c ./Core/Src/dcm.o
 .debug_macro   0x0001d77e      0x370 ./Core/Src/dcm.o
 .debug_macro   0x0001daee       0x10 ./Core/Src/dcm.o
 .debug_macro   0x0001dafe       0x16 ./Core/Src/dcm.o
 .debug_macro   0x0001db14       0x4a ./Core/Src/dcm.o
 .debug_macro   0x0001db5e       0x34 ./Core/Src/dcm.o
 .debug_macro   0x0001db92       0x10 ./Core/Src/dcm.o
 .debug_macro   0x0001dba2       0x58 ./Core/Src/dcm.o
 .debug_macro   0x0001dbfa       0x8e ./Core/Src/dcm.o
 .debug_macro   0x0001dc88       0x1c ./Core/Src/dcm.o
 .debug_macro   0x0001dca4      0x185 ./Core/Src/dcm.o
 .debug_macro   0x0001de29       0x16 ./Core/Src/dcm.o
 .debug_macro   0x0001de3f       0x16 ./Core/Src/dcm.o
 .debug_macro   0x0001de55      0x146 ./Core/Src/dcm.o
 .debug_macro   0x0001df9b       0x16 ./Core/Src/dcm.o
 .debug_macro   0x0001dfb1       0x16 ./Core/Src/dcm.o
 .debug_macro   0x0001dfc7       0x29 ./Core/Src/dcm.o
 .debug_macro   0x0001dff0       0x16 ./Core/Src/dcm.o
 .debug_macro   0x0001e006       0x20 ./Core/Src/dcm.o
 .debug_macro   0x0001e026       0x28 ./Core/Src/dcm.o
 .debug_macro   0x0001e04e       0x3a ./Core/Src/dcm.o
 .debug_macro   0x0001e088       0x46 ./Core/Src/dcm.o
 .debug_macro   0x0001e0ce      0x353 ./Core/Src/dcm_rdbi.o
 .debug_macro   0x0001e421      0x353 ./Core/Src/dcm_seca.o
 .debug_macro   0x0001e774      0x353 ./Core/Src/dcm_wdbi.o
 .debug_macro   0x0001eac7      0x353 ./Core/Src/iso_tp.o
 .debug_macro   0x0001ee1a       0x40 ./Core/Src/iso_tp.o
 .debug_macro   0x0001ee5a      0x34d ./Core/Src/main.o
 .debug_macro   0x0001f1a7      0x340 ./Core/Src/stm32f4xx_hal_msp.o
 .debug_macro   0x0001f4e7      0x344 ./Core/Src/stm32f4xx_it.o
 .debug_macro   0x0001f82b      0x112 ./Core/Src/sysmem.o
 .debug_macro   0x0001f93d      0x23c ./Core/Src/sysmem.o
 .debug_macro   0x0001fb79      0x1d8 ./Core/Src/system_stm32f4xx.o
 .debug_macro   0x0001fd51      0x238 ./Drivers/STM32F4xx_HAL_Driver/Src/stm32f4xx_hal.o
 .debug_macro   0x0001ff89      0x1e7 ./Drivers/STM32F4xx_HAL_Driver/Src/stm32f4xx_hal_can.o
 .debug_macro   0x00020170      0x1d8 ./Drivers/STM32F4xx_HAL_Driver/Src/stm32f4xx_hal_cortex.o
 .debug_macro   0x00020348      0x1de ./Drivers/STM32F4xx_HAL_Driver/Src/stm32f4xx_hal_dma.o
 .debug_macro   0x00020526      0x1de ./Drivers/STM32F4xx_HAL_Driver/Src/stm32f4xx_hal_gpio.o
 .debug_macro   0x00020704      0x1fc ./Drivers/STM32F4xx_HAL_Driver/Src/stm32f4xx_hal_rcc.o
 .debug_macro   0x00020900      0x1d9 ./Drivers/STM32F4xx_HAL_Driver/Src/stm32f4xx_hal_tim.o
 .debug_macro   0x00020ad9      0x1d8 ./Drivers/STM32F4xx_HAL_Driver/Src/stm32f4xx_hal_tim_ex.o
 .debug_macro   0x00020cb1      0x1d9 ./Drivers/STM32F4xx_HAL_Driver/Src/stm32f4xx_hal_uart.o

.debug_line     0x00000000    0x12114
 .debug_line    0x00000000      0x8a1 ./Core/Src/dcm.o
 .debug_line    0x000008a1      0x8cb ./Core/Src/dcm_rdbi.o
 .debug_line    0x0000116c      0x951 ./Core/Src/dcm_seca.o
 .debug_line    0x00001abd      0x8eb ./Core/Src/dcm_wdbi.o
 .debug_line    0x000023a8      0xc47 ./Core/Src/iso_tp.o
 .debug_line    0x00002fef      0xe81 ./Core/Src/main.o
 .debug_line    0x00003e70      0x992 ./Core/Src/stm32f4xx_hal_msp.o
 .debug_line    0x00004802      0x971 ./Core/Src/stm32f4xx_it.o
 .debug_line    0x00005173      0x4bd ./Core/Src/sysmem.o
 .debug_line    0x00005630      0x727 ./Core/Src/system_stm32f4xx.o
 .debug_line    0x00005d57       0x7a ./Core/Startup/startup_stm32f405rgtx.o
 .debug_line    0x00005dd1      0x994 ./Drivers/STM32F4xx_HAL_Driver/Src/stm32f4xx_hal.o
 .debug_line    0x00006765     0x1156 ./Drivers/STM32F4xx_HAL_Driver/Src/stm32f4xx_hal_can.o
 .debug_line    0x000078bb      0xc3a ./Drivers/STM32F4xx_HAL_Driver/Src/stm32f4xx_hal_cortex.o
 .debug_line    0x000084f5      0xf00 ./Drivers/STM32F4xx_HAL_Driver/Src/stm32f4xx_hal_dma.o
 .debug_line    0x000093f5      0xaec ./Drivers/STM32F4xx_HAL_Driver/Src/stm32f4xx_hal_gpio.o
 .debug_line    0x00009ee1      0xd8b ./Drivers/STM32F4xx_HAL_Driver/Src/stm32f4xx_hal_rcc.o
 .debug_line    0x0000ac6c     0x3711 ./Drivers/STM32F4xx_HAL_Driver/Src/stm32f4xx_hal_tim.o
 .debug_line    0x0000e37d     0x18f4 ./Drivers/STM32F4xx_HAL_Driver/Src/stm32f4xx_hal_tim_ex.o
 .debug_line    0x0000fc71     0x24a3 ./Drivers/STM32F4xx_HAL_Driver/Src/stm32f4xx_hal_uart.o

.debug_str      0x00000000    0xc3999
 .debug_str     0x00000000    0xc3999 ./Core/Src/dcm.o
                              0xbee83 (size before relaxing)
 .debug_str     0x000c3999    0xbeedd ./Core/Src/dcm_rdbi.o
 .debug_str     0x000c3999    0xbf497 ./Core/Src/dcm_seca.o
 .debug_str     0x000c3999    0xbee98 ./Core/Src/dcm_wdbi.o
 .debug_str     0x000c3999    0xbf3f4 ./Core/Src/iso_tp.o
 .debug_str     0x000c3999    0xc05fe ./Core/Src/main.o
 .debug_str     0x000c3999    0xbfd9b ./Core/Src/stm32f4xx_hal_msp.o
 .debug_str     0x000c3999    0xbf8f6 ./Core/Src/stm32f4xx_it.o
 .debug_str     0x000c3999     0x779d ./Core/Src/sysmem.o
 .debug_str     0x000c3999    0xbb3e5 ./Core/Src/system_stm32f4xx.o
 .debug_str     0x000c3999       0x9f ./Core/Startup/startup_stm32f405rgtx.o
 .debug_str     0x000c3999    0xbbf48 ./Drivers/STM32F4xx_HAL_Driver/Src/stm32f4xx_hal.o
 .debug_str     0x000c3999    0xbbadf ./Drivers/STM32F4xx_HAL_Driver/Src/stm32f4xx_hal_can.o
 .debug_str     0x000c3999    0xbbc92 ./Drivers/STM32F4xx_HAL_Driver/Src/stm32f4xx_hal_cortex.o
 .debug_str     0x000c3999    0xbb7ff ./Drivers/STM32F4xx_HAL_Driver/Src/stm32f4xx_hal_dma.o
 .debug_str     0x000c3999    0xbb560 ./Drivers/STM32F4xx_HAL_Driver/Src/stm32f4xx_hal_gpio.o
 .debug_str     0x000c3999    0xbb819 ./Drivers/STM32F4xx_HAL_Driver/Src/stm32f4xx_hal_rcc.o
 .debug_str     0x000c3999    0xbc76f ./Drivers/STM32F4xx_HAL_Driver/Src/stm32f4xx_hal_tim.o
 .debug_str     0x000c3999    0xbbf7b ./Drivers/STM32F4xx_HAL_Driver/Src/stm32f4xx_hal_tim_ex.o
 .debug_str     0x000c3999    0xbbdfa ./Drivers/STM32F4xx_HAL_Driver/Src/stm32f4xx_hal_uart.o

.comment        0x00000000       0x43
 .comment       0x00000000       0x43 ./Core/Src/dcm.o
                                 0x44 (size before relaxing)
 .comment       0x00000043       0x44 ./Core/Src/dcm_rdbi.o
 .comment       0x00000043       0x44 ./Core/Src/dcm_seca.o
 .comment       0x00000043       0x44 ./Core/Src/dcm_wdbi.o
 .comment       0x00000043       0x44 ./Core/Src/iso_tp.o
 .comment       0x00000043       0x44 ./Core/Src/main.o
 .comment       0x00000043       0x44 ./Core/Src/stm32f4xx_hal_msp.o
 .comment       0x00000043       0x44 ./Core/Src/stm32f4xx_it.o
 .comment       0x00000043       0x44 ./Core/Src/sysmem.o
 .comment       0x00000043       0x44 ./Core/Src/system_stm32f4xx.o
 .comment       0x00000043       0x44 ./Drivers/STM32F4xx_HAL_Driver/Src/stm32f4xx_hal.o
 .comment       0x00000043       0x44 ./Drivers/STM32F4xx_HAL_Driver/Src/stm32f4xx_hal_can.o
 .comment       0x00000043       0x44 ./Drivers/STM32F4xx_HAL_Driver/Src/stm32f4xx_hal_cortex.o
 .comment       0x00000043       0x44 ./Drivers/STM32F4xx_HAL_Driver/Src/stm32f4xx_hal_dma.o
 .comment       0x00000043       0x44 ./Drivers/STM32F4xx_HAL_Driver/Src/stm32f4xx_hal_gpio.o
 .comment       0x00000043       0x44 ./Drivers/STM32F4xx_HAL_Driver/Src/stm32f4xx_hal_rcc.o
 .comment       0x00000043       0x44 ./Drivers/STM32F4xx_HAL_Driver/Src/stm32f4xx_hal_tim.o
 .comment       0x00000043       0x44 ./Drivers/STM32F4xx_HAL_Driver/Src/stm32f4xx_hal_tim_ex.o
 .comment       0x00000043       0x44 ./Drivers/STM32F4xx_HAL_Driver/Src/stm32f4xx_hal_uart.o

.debug_frame    0x00000000     0x4350
 .debug_frame   0x00000000       0x34 ./Core/Src/dcm.o
 .debug_frame   0x00000034       0x34 ./Core/Src/dcm_rdbi.o
 .debug_frame   0x00000068       0x34 ./Core/Src/dcm_seca.o
 .debug_frame   0x0000009c       0x34 ./Core/Src/dcm_wdbi.o
 .debug_frame   0x000000d0      0x190 ./Core/Src/iso_tp.o
 .debug_frame   0x00000260      0x330 ./Core/Src/main.o
 .debug_frame   0x00000590      0x110 ./Core/Src/stm32f4xx_hal_msp.o
 .debug_frame   0x000006a0      0x190 ./Core/Src/stm32f4xx_it.o
 .debug_frame   0x00000830       0x34 ./Core/Src/sysmem.o
 .debug_frame   0x00000864       0x58 ./Core/Src/system_stm32f4xx.o
 .debug_frame   0x000008bc      0x374 ./Drivers/STM32F4xx_HAL_Driver/Src/stm32f4xx_hal.o
 .debug_frame   0x00000c30      0x5a0 ./Drivers/STM32F4xx_HAL_Driver/Src/stm32f4xx_hal_can.o
 .debug_frame   0x000011d0      0x4b8 ./Drivers/STM32F4xx_HAL_Driver/Src/stm32f4xx_hal_cortex.o
 .debug_frame   0x00001688      0x250 ./Drivers/STM32F4xx_HAL_Driver/Src/stm32f4xx_hal_dma.o
 .debug_frame   0x000018d8      0x14c ./Drivers/STM32F4xx_HAL_Driver/Src/stm32f4xx_hal_gpio.o
 .debug_frame   0x00001a24      0x1f4 ./Drivers/STM32F4xx_HAL_Driver/Src/stm32f4xx_hal_rcc.o
 .debug_frame   0x00001c18     0x11c0 ./Drivers/STM32F4xx_HAL_Driver/Src/stm32f4xx_hal_tim.o
 .debug_frame   0x00002dd8      0x638 ./Drivers/STM32F4xx_HAL_Driver/Src/stm32f4xx_hal_tim_ex.o
 .debug_frame   0x00003410      0x954 ./Drivers/STM32F4xx_HAL_Driver/Src/stm32f4xx_hal_uart.o
 .debug_frame   0x00003d64      0x144 /opt/st/stm32cubeide_1.19.0/plugins/com.st.stm32cube.ide.mcu.externaltools.gnu-tools-for-stm32.13.3.rel1.linux64_1.0.0.202410170706/tools/bin/../lib/gcc/arm-none-eabi/13.3.1/../../../../arm-none-eabi/lib/thumb/v7e-m+fp/hard/libc_nano.a(libc_a-findfp.o)
 .debug_frame   0x00003ea8       0x74 /opt/st/stm32cubeide_1.19.0/plugins/com.st.stm32cube.ide.mcu.externaltools.gnu-tools-for-stm32.13.3.rel1.linux64_1.0.0.202410170706/tools/bin/../lib/gcc/arm-none-eabi/13.3.1/../../../../arm-none-eabi/lib/thumb/v7e-m+fp/hard/libc_nano.a(libc_a-sprintf.o)
 .debug_frame   0x00003f1c       0x20 /opt/st/stm32cubeide_1.19.0/plugins/com.st.stm32cube.ide.mcu.externaltools.gnu-tools-for-stm32.13.3.rel1.linux64_1.0.0.202410170706/tools/bin/../lib/gcc/arm-none-eabi/13.3.1/../../../../arm-none-eabi/lib/thumb/v7e-m+fp/hard/libc_nano.a(libc_a-memset.o)
 .debug_frame   0x00003f3c       0x38 /opt/st/stm32cubeide_1.19.0/plugins/com.st.stm32cube.ide.mcu.externaltools.gnu-tools-for-stm32.13.3.rel1.linux64_1.0.0.202410170706/tools/bin/../lib/gcc/arm-none-eabi/13.3.1/../../../../arm-none-eabi/lib/thumb/v7e-m+fp/hard/libc_nano.a(libc_a-reent.o)
 .debug_frame   0x00003f74       0x20 /opt/st/stm32cubeide_1.19.0/plugins/com.st.stm32cube.ide.mcu.externaltools.gnu-tools-for-stm32.13.3.rel1.linux64_1.0.0.202410170706/tools/bin/../lib/gcc/arm-none-eabi/13.3.1/../../../../arm-none-eabi/lib/thumb/v7e-m+fp/hard/libc_nano.a(libc_a-errno.o)
 .debug_frame   0x00003f94       0x2c /opt/st/stm32cubeide_1.19.0/plugins/com.st.stm32cube.ide.mcu.externaltools.gnu-tools-for-stm32.13.3.rel1.linux64_1.0.0.202410170706/tools/bin/../lib/gcc/arm-none-eabi/13.3.1/../../../../arm-none-eabi/lib/thumb/v7e-m+fp/hard/libc_nano.a(libc_a-init.o)
 .debug_frame   0x00003fc0       0xb0 /opt/st/stm32cubeide_1.19.0/plugins/com.st.stm32cube.ide.mcu.externaltools.gnu-tools-for-stm32.13.3.rel1.linux64_1.0.0.202410170706/tools/bin/../lib/gcc/arm-none-eabi/13.3.1/../../../../arm-none-eabi/lib/thumb/v7e-m+fp/hard/libc_nano.a(libc_a-lock.o)
 .debug_frame   0x00004070       0x28 /opt/st/stm32cubeide_1.19.0/plugins/com.st.stm32cube.ide.mcu.externaltools.gnu-tools-for-stm32.13.3.rel1.linux64_1.0.0.202410170706/tools/bin/../lib/gcc/arm-none-eabi/13.3.1/../../../../arm-none-eabi/lib/thumb/v7e-m+fp/hard/libc_nano.a(libc_a-memcpy-stub.o)
 .debug_frame   0x00004098       0x38 /opt/st/stm32cubeide_1.19.0/plugins/com.st.stm32cube.ide.mcu.externaltools.gnu-tools-for-stm32.13.3.rel1.linux64_1.0.0.202410170706/tools/bin/../lib/gcc/arm-none-eabi/13.3.1/../../../../arm-none-eabi/lib/thumb/v7e-m+fp/hard/libc_nano.a(libc_a-freer.o)
 .debug_frame   0x000040d0       0x50 /opt/st/stm32cubeide_1.19.0/plugins/com.st.stm32cube.ide.mcu.externaltools.gnu-tools-for-stm32.13.3.rel1.linux64_1.0.0.202410170706/tools/bin/../lib/gcc/arm-none-eabi/13.3.1/../../../../arm-none-eabi/lib/thumb/v7e-m+fp/hard/libc_nano.a(libc_a-mallocr.o)
 .debug_frame   0x00004120       0x30 /opt/st/stm32cubeide_1.19.0/plugins/com.st.stm32cube.ide.mcu.externaltools.gnu-tools-for-stm32.13.3.rel1.linux64_1.0.0.202410170706/tools/bin/../lib/gcc/arm-none-eabi/13.3.1/../../../../arm-none-eabi/lib/thumb/v7e-m+fp/hard/libc_nano.a(libc_a-mlock.o)
 .debug_frame   0x00004150       0x90 /opt/st/stm32cubeide_1.19.0/plugins/com.st.stm32cube.ide.mcu.externaltools.gnu-tools-for-stm32.13.3.rel1.linux64_1.0.0.202410170706/tools/bin/../lib/gcc/arm-none-eabi/13.3.1/../../../../arm-none-eabi/lib/thumb/v7e-m+fp/hard/libc_nano.a(libc_a-nano-svfprintf.o)
 .debug_frame   0x000041e0       0x60 /opt/st/stm32cubeide_1.19.0/plugins/com.st.stm32cube.ide.mcu.externaltools.gnu-tools-for-stm32.13.3.rel1.linux64_1.0.0.202410170706/tools/bin/../lib/gcc/arm-none-eabi/13.3.1/../../../../arm-none-eabi/lib/thumb/v7e-m+fp/hard/libc_nano.a(libc_a-nano-vfprintf_i.o)
 .debug_frame   0x00004240       0x28 /opt/st/stm32cubeide_1.19.0/plugins/com.st.stm32cube.ide.mcu.externaltools.gnu-tools-for-stm32.13.3.rel1.linux64_1.0.0.202410170706/tools/bin/../lib/gcc/arm-none-eabi/13.3.1/../../../../arm-none-eabi/lib/thumb/v7e-m+fp/hard/libc_nano.a(libc_a-memmove.o)
 .debug_frame   0x00004268       0x2c /opt/st/stm32cubeide_1.19.0/plugins/com.st.stm32cube.ide.mcu.externaltools.gnu-tools-for-stm32.13.3.rel1.linux64_1.0.0.202410170706/tools/bin/../lib/gcc/arm-none-eabi/13.3.1/../../../../arm-none-eabi/lib/thumb/v7e-m+fp/hard/libc_nano.a(libc_a-sbrkr.o)
 .debug_frame   0x00004294       0x3c /opt/st/stm32cubeide_1.19.0/plugins/com.st.stm32cube.ide.mcu.externaltools.gnu-tools-for-stm32.13.3.rel1.linux64_1.0.0.202410170706/tools/bin/../lib/gcc/arm-none-eabi/13.3.1/../../../../arm-none-eabi/lib/thumb/v7e-m+fp/hard/libc_nano.a(libc_a-reallocr.o)
 .debug_frame   0x000042d0       0x20 /opt/st/stm32cubeide_1.19.0/plugins/com.st.stm32cube.ide.mcu.externaltools.gnu-tools-for-stm32.13.3.rel1.linux64_1.0.0.202410170706/tools/bin/../lib/gcc/arm-none-eabi/13.3.1/../../../../arm-none-eabi/lib/thumb/v7e-m+fp/hard/libc_nano.a(libc_a-msizer.o)
 .debug_frame   0x000042f0       0x2c /opt/st/stm32cubeide_1.19.0/plugins/com.st.stm32cube.ide.mcu.externaltools.gnu-tools-for-stm32.13.3.rel1.linux64_1.0.0.202410170706/tools/bin/../lib/gcc/arm-none-eabi/13.3.1/thumb/v7e-m+fp/hard/libgcc.a(_aeabi_uldivmod.o)
 .debug_frame   0x0000431c       0x34 /opt/st/stm32cubeide_1.19.0/plugins/com.st.stm32cube.ide.mcu.externaltools.gnu-tools-for-stm32.13.3.rel1.linux64_1.0.0.202410170706/tools/bin/../lib/gcc/arm-none-eabi/13.3.1/thumb/v7e-m+fp/hard/libgcc.a(_udivmoddi4.o)

.debug_line_str
                0x00000000       0x83
 .debug_line_str
                0x00000000       0x83 ./Core/Startup/startup_stm32f405rgtx.o